---------------------------------------
Policy: TD3, Env: MountainCarContinuous-v0, Seed: 2
---------------------------------------
---------------------------------------
Evaluation over 10 episodes: -1.086
---------------------------------------
Total T: 999 Episode Num: 1 Episode T: 999 Reward: -33.012
Total T: 1998 Episode Num: 2 Episode T: 999 Reward: -34.884
Total T: 2997 Episode Num: 3 Episode T: 999 Reward: -33.219
Total T: 3996 Episode Num: 4 Episode T: 999 Reward: -34.137
Total T: 4995 Episode Num: 5 Episode T: 999 Reward: -33.913
---------------------------------------
Evaluation over 10 episodes: -1.086
---------------------------------------
Total T: 5994 Episode Num: 6 Episode T: 999 Reward: -33.289
Total T: 6993 Episode Num: 7 Episode T: 999 Reward: -34.186
Total T: 7992 Episode Num: 8 Episode T: 999 Reward: -33.636
Total T: 8991 Episode Num: 9 Episode T: 999 Reward: -34.249
Total T: 9990 Episode Num: 10 Episode T: 999 Reward: -34.076
---------------------------------------
Evaluation over 10 episodes: -1.086
---------------------------------------
Total T: 10989 Episode Num: 11 Episode T: 999 Reward: -34.275
Total T: 11988 Episode Num: 12 Episode T: 999 Reward: -33.458
Total T: 12987 Episode Num: 13 Episode T: 999 Reward: -31.922
Total T: 13986 Episode Num: 14 Episode T: 999 Reward: -33.243
Total T: 14985 Episode Num: 15 Episode T: 999 Reward: -34.784
---------------------------------------
Evaluation over 10 episodes: -1.086
---------------------------------------
Total T: 15984 Episode Num: 16 Episode T: 999 Reward: -33.619
Total T: 16983 Episode Num: 17 Episode T: 999 Reward: -32.640
Total T: 17982 Episode Num: 18 Episode T: 999 Reward: -32.864
Total T: 18981 Episode Num: 19 Episode T: 999 Reward: -32.962
Total T: 19980 Episode Num: 20 Episode T: 999 Reward: -32.301
---------------------------------------
Evaluation over 10 episodes: -1.086
---------------------------------------
Total T: 20979 Episode Num: 21 Episode T: 999 Reward: -33.870
Total T: 21978 Episode Num: 22 Episode T: 999 Reward: -33.690
Total T: 22977 Episode Num: 23 Episode T: 999 Reward: -32.636
Total T: 23976 Episode Num: 24 Episode T: 999 Reward: -33.991
Total T: 24975 Episode Num: 25 Episode T: 999 Reward: -33.927
---------------------------------------
Evaluation over 10 episodes: -1.086
---------------------------------------
Total T: 25974 Episode Num: 26 Episode T: 999 Reward: -22.288
Total T: 26973 Episode Num: 27 Episode T: 999 Reward: -23.756
Total T: 27972 Episode Num: 28 Episode T: 999 Reward: -23.073
Total T: 28971 Episode Num: 29 Episode T: 999 Reward: -22.211
Total T: 29970 Episode Num: 30 Episode T: 999 Reward: -22.109
---------------------------------------
Evaluation over 10 episodes: -0.005
---------------------------------------
Total T: 30969 Episode Num: 31 Episode T: 999 Reward: -22.398
Total T: 31968 Episode Num: 32 Episode T: 999 Reward: -23.617
Total T: 32967 Episode Num: 33 Episode T: 999 Reward: -23.497
Total T: 33966 Episode Num: 34 Episode T: 999 Reward: -22.517
Total T: 34965 Episode Num: 35 Episode T: 999 Reward: -22.053
---------------------------------------
Evaluation over 10 episodes: -0.049
---------------------------------------
Total T: 35964 Episode Num: 36 Episode T: 999 Reward: -24.188
Total T: 36963 Episode Num: 37 Episode T: 999 Reward: -21.993
Total T: 37962 Episode Num: 38 Episode T: 999 Reward: -22.996
Total T: 38961 Episode Num: 39 Episode T: 999 Reward: -24.945
Total T: 39960 Episode Num: 40 Episode T: 999 Reward: -23.246
---------------------------------------
Evaluation over 10 episodes: -0.046
---------------------------------------
Total T: 40959 Episode Num: 41 Episode T: 999 Reward: -23.326
Total T: 41958 Episode Num: 42 Episode T: 999 Reward: -23.144
Total T: 42957 Episode Num: 43 Episode T: 999 Reward: -23.063
Total T: 43956 Episode Num: 44 Episode T: 999 Reward: -22.822
Total T: 44955 Episode Num: 45 Episode T: 999 Reward: -21.895
---------------------------------------
Evaluation over 10 episodes: -0.028
---------------------------------------
Total T: 45954 Episode Num: 46 Episode T: 999 Reward: -22.233
Total T: 46953 Episode Num: 47 Episode T: 999 Reward: -23.808
Total T: 47952 Episode Num: 48 Episode T: 999 Reward: -22.721
Total T: 48951 Episode Num: 49 Episode T: 999 Reward: -21.878
Total T: 49950 Episode Num: 50 Episode T: 999 Reward: -23.015
---------------------------------------
Evaluation over 10 episodes: -0.033
---------------------------------------
Total T: 50949 Episode Num: 51 Episode T: 999 Reward: -23.577
Total T: 51948 Episode Num: 52 Episode T: 999 Reward: -22.492
Total T: 52947 Episode Num: 53 Episode T: 999 Reward: -22.053
Total T: 53946 Episode Num: 54 Episode T: 999 Reward: -20.739
Total T: 54945 Episode Num: 55 Episode T: 999 Reward: -22.107
---------------------------------------
Evaluation over 10 episodes: -0.032
---------------------------------------
Total T: 55944 Episode Num: 56 Episode T: 999 Reward: -23.156
Total T: 56943 Episode Num: 57 Episode T: 999 Reward: -23.134
Total T: 57942 Episode Num: 58 Episode T: 999 Reward: -23.228
Total T: 58941 Episode Num: 59 Episode T: 999 Reward: -22.939
Total T: 59940 Episode Num: 60 Episode T: 999 Reward: -23.889
---------------------------------------
Evaluation over 10 episodes: -0.029
---------------------------------------
Total T: 60939 Episode Num: 61 Episode T: 999 Reward: -24.293
Total T: 61938 Episode Num: 62 Episode T: 999 Reward: -24.073
Total T: 62937 Episode Num: 63 Episode T: 999 Reward: -22.715
Total T: 63936 Episode Num: 64 Episode T: 999 Reward: -21.640
Total T: 64935 Episode Num: 65 Episode T: 999 Reward: -22.137
---------------------------------------
Evaluation over 10 episodes: -0.038
---------------------------------------
Total T: 65934 Episode Num: 66 Episode T: 999 Reward: -23.077
Total T: 66933 Episode Num: 67 Episode T: 999 Reward: -22.764
Total T: 67932 Episode Num: 68 Episode T: 999 Reward: -23.358
Total T: 68931 Episode Num: 69 Episode T: 999 Reward: -22.308
Total T: 69930 Episode Num: 70 Episode T: 999 Reward: -21.962
---------------------------------------
Evaluation over 10 episodes: -0.016
---------------------------------------
Total T: 70929 Episode Num: 71 Episode T: 999 Reward: -22.264
Total T: 71928 Episode Num: 72 Episode T: 999 Reward: -22.548
Total T: 72927 Episode Num: 73 Episode T: 999 Reward: -23.422
Total T: 73926 Episode Num: 74 Episode T: 999 Reward: -23.784
Total T: 74925 Episode Num: 75 Episode T: 999 Reward: -24.107
---------------------------------------
Evaluation over 10 episodes: -0.023
---------------------------------------
Total T: 75924 Episode Num: 76 Episode T: 999 Reward: -22.224
Total T: 76923 Episode Num: 77 Episode T: 999 Reward: -23.228
Total T: 77922 Episode Num: 78 Episode T: 999 Reward: -23.847
Total T: 78921 Episode Num: 79 Episode T: 999 Reward: -22.400
Total T: 79920 Episode Num: 80 Episode T: 999 Reward: -21.969
---------------------------------------
Evaluation over 10 episodes: -0.033
---------------------------------------
Total T: 80919 Episode Num: 81 Episode T: 999 Reward: -24.557
Total T: 81918 Episode Num: 82 Episode T: 999 Reward: -24.120
Total T: 82917 Episode Num: 83 Episode T: 999 Reward: -23.125
Total T: 83916 Episode Num: 84 Episode T: 999 Reward: -23.568
Total T: 84915 Episode Num: 85 Episode T: 999 Reward: -22.901
---------------------------------------
Evaluation over 10 episodes: -0.033
---------------------------------------
Total T: 85914 Episode Num: 86 Episode T: 999 Reward: -21.761
Total T: 86913 Episode Num: 87 Episode T: 999 Reward: -22.582
Total T: 87912 Episode Num: 88 Episode T: 999 Reward: -25.084
Total T: 88911 Episode Num: 89 Episode T: 999 Reward: -22.638
Total T: 89910 Episode Num: 90 Episode T: 999 Reward: -21.424
---------------------------------------
Evaluation over 10 episodes: -0.017
---------------------------------------
Total T: 90909 Episode Num: 91 Episode T: 999 Reward: -24.286
Total T: 91908 Episode Num: 92 Episode T: 999 Reward: -24.372
Total T: 92907 Episode Num: 93 Episode T: 999 Reward: -23.900
Total T: 93906 Episode Num: 94 Episode T: 999 Reward: -24.757
Total T: 94905 Episode Num: 95 Episode T: 999 Reward: -22.156
---------------------------------------
Evaluation over 10 episodes: -0.007
---------------------------------------
Total T: 95904 Episode Num: 96 Episode T: 999 Reward: -21.460
Total T: 96903 Episode Num: 97 Episode T: 999 Reward: -22.261
Total T: 97902 Episode Num: 98 Episode T: 999 Reward: -23.616
Total T: 98901 Episode Num: 99 Episode T: 999 Reward: -24.191
Total T: 99900 Episode Num: 100 Episode T: 999 Reward: -21.967
---------------------------------------
Evaluation over 10 episodes: -0.009
---------------------------------------
Total T: 100899 Episode Num: 101 Episode T: 999 Reward: -23.924
Total T: 101898 Episode Num: 102 Episode T: 999 Reward: -22.336
Total T: 102897 Episode Num: 103 Episode T: 999 Reward: -23.276
Total T: 103896 Episode Num: 104 Episode T: 999 Reward: -22.719
Total T: 104895 Episode Num: 105 Episode T: 999 Reward: -23.032
---------------------------------------
Evaluation over 10 episodes: -0.020
---------------------------------------
Total T: 105894 Episode Num: 106 Episode T: 999 Reward: -22.698
Total T: 106893 Episode Num: 107 Episode T: 999 Reward: -23.166
Total T: 107892 Episode Num: 108 Episode T: 999 Reward: -21.958
Total T: 108891 Episode Num: 109 Episode T: 999 Reward: -22.869
Total T: 109890 Episode Num: 110 Episode T: 999 Reward: -23.046
---------------------------------------
Evaluation over 10 episodes: -0.033
---------------------------------------
Total T: 110889 Episode Num: 111 Episode T: 999 Reward: -23.640
Total T: 111888 Episode Num: 112 Episode T: 999 Reward: -22.929
Total T: 112887 Episode Num: 113 Episode T: 999 Reward: -23.886
Total T: 113886 Episode Num: 114 Episode T: 999 Reward: -22.048
Total T: 114885 Episode Num: 115 Episode T: 999 Reward: -22.297
---------------------------------------
Evaluation over 10 episodes: -0.033
---------------------------------------
Total T: 115884 Episode Num: 116 Episode T: 999 Reward: -22.937
Total T: 116883 Episode Num: 117 Episode T: 999 Reward: -21.719
Total T: 117882 Episode Num: 118 Episode T: 999 Reward: -21.892
Total T: 118881 Episode Num: 119 Episode T: 999 Reward: -22.460
Total T: 119880 Episode Num: 120 Episode T: 999 Reward: -22.805
---------------------------------------
Evaluation over 10 episodes: -0.007
---------------------------------------
Total T: 120879 Episode Num: 121 Episode T: 999 Reward: -22.483
Total T: 121878 Episode Num: 122 Episode T: 999 Reward: -22.884
Total T: 122877 Episode Num: 123 Episode T: 999 Reward: -24.187
Total T: 123876 Episode Num: 124 Episode T: 999 Reward: -21.724
Total T: 124875 Episode Num: 125 Episode T: 999 Reward: -22.252
---------------------------------------
Evaluation over 10 episodes: -0.028
---------------------------------------
Total T: 125874 Episode Num: 126 Episode T: 999 Reward: -22.227
Total T: 126873 Episode Num: 127 Episode T: 999 Reward: -23.150
Total T: 127872 Episode Num: 128 Episode T: 999 Reward: -21.741
Total T: 128871 Episode Num: 129 Episode T: 999 Reward: -22.290
Total T: 129870 Episode Num: 130 Episode T: 999 Reward: -22.244
---------------------------------------
Evaluation over 10 episodes: -0.013
---------------------------------------
Total T: 130869 Episode Num: 131 Episode T: 999 Reward: -23.019
Total T: 131868 Episode Num: 132 Episode T: 999 Reward: -23.309
Total T: 132867 Episode Num: 133 Episode T: 999 Reward: -22.850
Total T: 133866 Episode Num: 134 Episode T: 999 Reward: -23.368
Total T: 134865 Episode Num: 135 Episode T: 999 Reward: -22.942
---------------------------------------
Evaluation over 10 episodes: -0.009
---------------------------------------
Total T: 135864 Episode Num: 136 Episode T: 999 Reward: -22.869
Total T: 136863 Episode Num: 137 Episode T: 999 Reward: -21.903
Total T: 137862 Episode Num: 138 Episode T: 999 Reward: -22.179
Total T: 138861 Episode Num: 139 Episode T: 999 Reward: -22.815
Total T: 139860 Episode Num: 140 Episode T: 999 Reward: -23.813
---------------------------------------
Evaluation over 10 episodes: -0.004
---------------------------------------
Total T: 140859 Episode Num: 141 Episode T: 999 Reward: -23.073
Total T: 141858 Episode Num: 142 Episode T: 999 Reward: -24.162
Total T: 142857 Episode Num: 143 Episode T: 999 Reward: -22.687
Total T: 143856 Episode Num: 144 Episode T: 999 Reward: -21.959
Total T: 144855 Episode Num: 145 Episode T: 999 Reward: -23.343
---------------------------------------
Evaluation over 10 episodes: -0.008
---------------------------------------
Total T: 145854 Episode Num: 146 Episode T: 999 Reward: -22.963
Total T: 146853 Episode Num: 147 Episode T: 999 Reward: -23.670
Total T: 147852 Episode Num: 148 Episode T: 999 Reward: -23.338
Total T: 148851 Episode Num: 149 Episode T: 999 Reward: -23.511
Total T: 149850 Episode Num: 150 Episode T: 999 Reward: -24.142
---------------------------------------
Evaluation over 10 episodes: -0.009
---------------------------------------
Total T: 150849 Episode Num: 151 Episode T: 999 Reward: -22.087
Total T: 151848 Episode Num: 152 Episode T: 999 Reward: -22.126
Total T: 152847 Episode Num: 153 Episode T: 999 Reward: -23.647
Total T: 153846 Episode Num: 154 Episode T: 999 Reward: -22.314
Total T: 154845 Episode Num: 155 Episode T: 999 Reward: -24.115
---------------------------------------
Evaluation over 10 episodes: -0.003
---------------------------------------
Total T: 155844 Episode Num: 156 Episode T: 999 Reward: -23.424
Total T: 156843 Episode Num: 157 Episode T: 999 Reward: -23.536
Total T: 157842 Episode Num: 158 Episode T: 999 Reward: -22.722
Total T: 158841 Episode Num: 159 Episode T: 999 Reward: -21.748
Total T: 159840 Episode Num: 160 Episode T: 999 Reward: -23.570
---------------------------------------
Evaluation over 10 episodes: -0.004
---------------------------------------
Total T: 160839 Episode Num: 161 Episode T: 999 Reward: -23.639
Total T: 161838 Episode Num: 162 Episode T: 999 Reward: -23.113
Total T: 162837 Episode Num: 163 Episode T: 999 Reward: -22.555
Total T: 163836 Episode Num: 164 Episode T: 999 Reward: -23.227
Total T: 164835 Episode Num: 165 Episode T: 999 Reward: -21.990
---------------------------------------
Evaluation over 10 episodes: -0.004
---------------------------------------
Total T: 165834 Episode Num: 166 Episode T: 999 Reward: -23.622
Total T: 166833 Episode Num: 167 Episode T: 999 Reward: -22.706
Total T: 167832 Episode Num: 168 Episode T: 999 Reward: -21.640
Total T: 168831 Episode Num: 169 Episode T: 999 Reward: -24.857
Total T: 169830 Episode Num: 170 Episode T: 999 Reward: -23.663
---------------------------------------
Evaluation over 10 episodes: -0.012
---------------------------------------
Total T: 170829 Episode Num: 171 Episode T: 999 Reward: -23.504
Total T: 171828 Episode Num: 172 Episode T: 999 Reward: -23.956
Total T: 172827 Episode Num: 173 Episode T: 999 Reward: -21.959
Total T: 173826 Episode Num: 174 Episode T: 999 Reward: -25.250
Total T: 174825 Episode Num: 175 Episode T: 999 Reward: -21.676
---------------------------------------
Evaluation over 10 episodes: -0.015
---------------------------------------
Total T: 175824 Episode Num: 176 Episode T: 999 Reward: -23.554
Total T: 176823 Episode Num: 177 Episode T: 999 Reward: -22.786
Total T: 177822 Episode Num: 178 Episode T: 999 Reward: -21.879
Total T: 178821 Episode Num: 179 Episode T: 999 Reward: -23.885
Total T: 179820 Episode Num: 180 Episode T: 999 Reward: -23.646
---------------------------------------
Evaluation over 10 episodes: -0.008
---------------------------------------
Total T: 180819 Episode Num: 181 Episode T: 999 Reward: -24.144
Total T: 181818 Episode Num: 182 Episode T: 999 Reward: -23.397
Total T: 182817 Episode Num: 183 Episode T: 999 Reward: -21.731
Total T: 183816 Episode Num: 184 Episode T: 999 Reward: -23.808
Total T: 184815 Episode Num: 185 Episode T: 999 Reward: -23.133
---------------------------------------
Evaluation over 10 episodes: -0.017
---------------------------------------
Total T: 185814 Episode Num: 186 Episode T: 999 Reward: -24.440
Total T: 186813 Episode Num: 187 Episode T: 999 Reward: -22.810
Total T: 187812 Episode Num: 188 Episode T: 999 Reward: -22.085
Total T: 188811 Episode Num: 189 Episode T: 999 Reward: -21.688
Total T: 189810 Episode Num: 190 Episode T: 999 Reward: -22.511
---------------------------------------
Evaluation over 10 episodes: -0.013
---------------------------------------
Total T: 190809 Episode Num: 191 Episode T: 999 Reward: -23.250
Total T: 191808 Episode Num: 192 Episode T: 999 Reward: -23.645
Total T: 192807 Episode Num: 193 Episode T: 999 Reward: -23.905
Total T: 193806 Episode Num: 194 Episode T: 999 Reward: -22.794
Total T: 194805 Episode Num: 195 Episode T: 999 Reward: -22.545
---------------------------------------
Evaluation over 10 episodes: -0.013
---------------------------------------
Total T: 195804 Episode Num: 196 Episode T: 999 Reward: -24.179
Total T: 196803 Episode Num: 197 Episode T: 999 Reward: -23.907
Total T: 197802 Episode Num: 198 Episode T: 999 Reward: -22.669
Total T: 198801 Episode Num: 199 Episode T: 999 Reward: -22.961
Total T: 199800 Episode Num: 200 Episode T: 999 Reward: -23.162
---------------------------------------
Evaluation over 10 episodes: -0.022
---------------------------------------
Total T: 200799 Episode Num: 201 Episode T: 999 Reward: -23.507
Total T: 201798 Episode Num: 202 Episode T: 999 Reward: -22.827
Total T: 202797 Episode Num: 203 Episode T: 999 Reward: -24.447
Total T: 203796 Episode Num: 204 Episode T: 999 Reward: -23.642
Total T: 204795 Episode Num: 205 Episode T: 999 Reward: -22.947
---------------------------------------
Evaluation over 10 episodes: -0.017
---------------------------------------
Total T: 205794 Episode Num: 206 Episode T: 999 Reward: -23.966
Total T: 206793 Episode Num: 207 Episode T: 999 Reward: -22.142
Total T: 207792 Episode Num: 208 Episode T: 999 Reward: -21.381
Total T: 208791 Episode Num: 209 Episode T: 999 Reward: -21.567
Total T: 209790 Episode Num: 210 Episode T: 999 Reward: -22.140
---------------------------------------
Evaluation over 10 episodes: -0.027
---------------------------------------
Total T: 210789 Episode Num: 211 Episode T: 999 Reward: -21.922
Total T: 211788 Episode Num: 212 Episode T: 999 Reward: -23.737
Total T: 212787 Episode Num: 213 Episode T: 999 Reward: -22.194
Total T: 213786 Episode Num: 214 Episode T: 999 Reward: -23.057
Total T: 214785 Episode Num: 215 Episode T: 999 Reward: -22.952
---------------------------------------
Evaluation over 10 episodes: -0.020
---------------------------------------
Total T: 215784 Episode Num: 216 Episode T: 999 Reward: -22.325
Total T: 216783 Episode Num: 217 Episode T: 999 Reward: -24.346
Total T: 217782 Episode Num: 218 Episode T: 999 Reward: -23.071
Total T: 218781 Episode Num: 219 Episode T: 999 Reward: -23.079
Total T: 219780 Episode Num: 220 Episode T: 999 Reward: -22.600
---------------------------------------
Evaluation over 10 episodes: -0.017
---------------------------------------
Total T: 220779 Episode Num: 221 Episode T: 999 Reward: -22.861
Total T: 221778 Episode Num: 222 Episode T: 999 Reward: -22.275
Total T: 222777 Episode Num: 223 Episode T: 999 Reward: -23.375
Total T: 223776 Episode Num: 224 Episode T: 999 Reward: -24.197
Total T: 224775 Episode Num: 225 Episode T: 999 Reward: -24.166
---------------------------------------
Evaluation over 10 episodes: -0.024
---------------------------------------
Total T: 225774 Episode Num: 226 Episode T: 999 Reward: -21.428
Total T: 226773 Episode Num: 227 Episode T: 999 Reward: -21.615
Total T: 227772 Episode Num: 228 Episode T: 999 Reward: -22.792
Total T: 228771 Episode Num: 229 Episode T: 999 Reward: -22.697
Total T: 229770 Episode Num: 230 Episode T: 999 Reward: -23.906
---------------------------------------
Evaluation over 10 episodes: -0.031
---------------------------------------
Total T: 230769 Episode Num: 231 Episode T: 999 Reward: -23.895
Total T: 231768 Episode Num: 232 Episode T: 999 Reward: -23.234
Total T: 232767 Episode Num: 233 Episode T: 999 Reward: -24.477
Total T: 233766 Episode Num: 234 Episode T: 999 Reward: -22.620
Total T: 234765 Episode Num: 235 Episode T: 999 Reward: -22.284
---------------------------------------
Evaluation over 10 episodes: -0.011
---------------------------------------
Total T: 235764 Episode Num: 236 Episode T: 999 Reward: -23.400
Total T: 236763 Episode Num: 237 Episode T: 999 Reward: -24.310
Total T: 237762 Episode Num: 238 Episode T: 999 Reward: -22.508
Total T: 238761 Episode Num: 239 Episode T: 999 Reward: -22.064
Total T: 239760 Episode Num: 240 Episode T: 999 Reward: -22.008
---------------------------------------
Evaluation over 10 episodes: -0.009
---------------------------------------
Total T: 240759 Episode Num: 241 Episode T: 999 Reward: -22.755
Total T: 241758 Episode Num: 242 Episode T: 999 Reward: -21.583
Total T: 242757 Episode Num: 243 Episode T: 999 Reward: -23.107
Total T: 243756 Episode Num: 244 Episode T: 999 Reward: -22.963
Total T: 244755 Episode Num: 245 Episode T: 999 Reward: -21.505
---------------------------------------
Evaluation over 10 episodes: -0.014
---------------------------------------
Total T: 245754 Episode Num: 246 Episode T: 999 Reward: -24.412
Total T: 246753 Episode Num: 247 Episode T: 999 Reward: -22.124
Total T: 247752 Episode Num: 248 Episode T: 999 Reward: -22.568
Total T: 248751 Episode Num: 249 Episode T: 999 Reward: -23.260
Total T: 249750 Episode Num: 250 Episode T: 999 Reward: -24.005
---------------------------------------
Evaluation over 10 episodes: -0.008
---------------------------------------
Total T: 250749 Episode Num: 251 Episode T: 999 Reward: -23.164
Total T: 251748 Episode Num: 252 Episode T: 999 Reward: -22.598
Total T: 252747 Episode Num: 253 Episode T: 999 Reward: -22.316
Total T: 253746 Episode Num: 254 Episode T: 999 Reward: -22.661
Total T: 254745 Episode Num: 255 Episode T: 999 Reward: -23.043
---------------------------------------
Evaluation over 10 episodes: -0.004
---------------------------------------
Total T: 255744 Episode Num: 256 Episode T: 999 Reward: -23.390
Total T: 256743 Episode Num: 257 Episode T: 999 Reward: -25.093
Total T: 257742 Episode Num: 258 Episode T: 999 Reward: -22.199
Total T: 258741 Episode Num: 259 Episode T: 999 Reward: -23.240
Total T: 259740 Episode Num: 260 Episode T: 999 Reward: -23.610
---------------------------------------
Evaluation over 10 episodes: -0.006
---------------------------------------
Total T: 260739 Episode Num: 261 Episode T: 999 Reward: -23.293
Total T: 261738 Episode Num: 262 Episode T: 999 Reward: -22.466
Total T: 262737 Episode Num: 263 Episode T: 999 Reward: -24.092
Total T: 263736 Episode Num: 264 Episode T: 999 Reward: -21.265
Total T: 264735 Episode Num: 265 Episode T: 999 Reward: -21.815
---------------------------------------
Evaluation over 10 episodes: -0.010
---------------------------------------
Total T: 265734 Episode Num: 266 Episode T: 999 Reward: -23.187
Total T: 266733 Episode Num: 267 Episode T: 999 Reward: -23.369
Total T: 267732 Episode Num: 268 Episode T: 999 Reward: -23.436
Total T: 268731 Episode Num: 269 Episode T: 999 Reward: -22.979
Total T: 269730 Episode Num: 270 Episode T: 999 Reward: -25.287
---------------------------------------
Evaluation over 10 episodes: -0.005
---------------------------------------
Total T: 270729 Episode Num: 271 Episode T: 999 Reward: -22.939
Total T: 271728 Episode Num: 272 Episode T: 999 Reward: -23.592
Total T: 272727 Episode Num: 273 Episode T: 999 Reward: -24.358
Total T: 273726 Episode Num: 274 Episode T: 999 Reward: -23.370
Total T: 274725 Episode Num: 275 Episode T: 999 Reward: -22.859
---------------------------------------
Evaluation over 10 episodes: -0.012
---------------------------------------
Total T: 275724 Episode Num: 276 Episode T: 999 Reward: -25.150
Total T: 276723 Episode Num: 277 Episode T: 999 Reward: -22.844
Total T: 277722 Episode Num: 278 Episode T: 999 Reward: -23.227
Total T: 278721 Episode Num: 279 Episode T: 999 Reward: -25.842
Total T: 279720 Episode Num: 280 Episode T: 999 Reward: -23.291
---------------------------------------
Evaluation over 10 episodes: -0.005
---------------------------------------
Total T: 280719 Episode Num: 281 Episode T: 999 Reward: -23.312
Total T: 281718 Episode Num: 282 Episode T: 999 Reward: -23.876
Total T: 282717 Episode Num: 283 Episode T: 999 Reward: -23.029
Total T: 283716 Episode Num: 284 Episode T: 999 Reward: -23.029
Total T: 284715 Episode Num: 285 Episode T: 999 Reward: -21.477
---------------------------------------
Evaluation over 10 episodes: -0.008
---------------------------------------
Total T: 285714 Episode Num: 286 Episode T: 999 Reward: -23.140
Total T: 286713 Episode Num: 287 Episode T: 999 Reward: -22.840
Total T: 287712 Episode Num: 288 Episode T: 999 Reward: -22.825
Total T: 288711 Episode Num: 289 Episode T: 999 Reward: -22.793
Total T: 289710 Episode Num: 290 Episode T: 999 Reward: -22.619
---------------------------------------
Evaluation over 10 episodes: -0.009
---------------------------------------
Total T: 290709 Episode Num: 291 Episode T: 999 Reward: -22.177
Total T: 291708 Episode Num: 292 Episode T: 999 Reward: -23.206
Total T: 292707 Episode Num: 293 Episode T: 999 Reward: -21.799
Total T: 293706 Episode Num: 294 Episode T: 999 Reward: -22.921
Total T: 294705 Episode Num: 295 Episode T: 999 Reward: -22.852
---------------------------------------
Evaluation over 10 episodes: -0.007
---------------------------------------
Total T: 295704 Episode Num: 296 Episode T: 999 Reward: -21.563
Total T: 296703 Episode Num: 297 Episode T: 999 Reward: -24.523
Total T: 297702 Episode Num: 298 Episode T: 999 Reward: -23.592
Total T: 298701 Episode Num: 299 Episode T: 999 Reward: -24.159
Total T: 299700 Episode Num: 300 Episode T: 999 Reward: -23.269
---------------------------------------
Evaluation over 10 episodes: -0.008
---------------------------------------
Total T: 300699 Episode Num: 301 Episode T: 999 Reward: -22.673
Total T: 301698 Episode Num: 302 Episode T: 999 Reward: -22.947
Total T: 302697 Episode Num: 303 Episode T: 999 Reward: -24.678
Total T: 303696 Episode Num: 304 Episode T: 999 Reward: -22.797
Total T: 304695 Episode Num: 305 Episode T: 999 Reward: -23.032
---------------------------------------
Evaluation over 10 episodes: -0.009
---------------------------------------
Total T: 305694 Episode Num: 306 Episode T: 999 Reward: -22.914
Total T: 306693 Episode Num: 307 Episode T: 999 Reward: -24.214
Total T: 307692 Episode Num: 308 Episode T: 999 Reward: -22.741
Total T: 308691 Episode Num: 309 Episode T: 999 Reward: -25.236
Total T: 309690 Episode Num: 310 Episode T: 999 Reward: -22.675
---------------------------------------
Evaluation over 10 episodes: -0.005
---------------------------------------
Total T: 310689 Episode Num: 311 Episode T: 999 Reward: -21.919
Total T: 311688 Episode Num: 312 Episode T: 999 Reward: -23.942
Total T: 312687 Episode Num: 313 Episode T: 999 Reward: -22.600
Total T: 313686 Episode Num: 314 Episode T: 999 Reward: -23.463
Total T: 314685 Episode Num: 315 Episode T: 999 Reward: -22.696
---------------------------------------
Evaluation over 10 episodes: -0.005
---------------------------------------
Total T: 315684 Episode Num: 316 Episode T: 999 Reward: -23.025
Total T: 316683 Episode Num: 317 Episode T: 999 Reward: -23.729
Total T: 317682 Episode Num: 318 Episode T: 999 Reward: -24.057
Total T: 318681 Episode Num: 319 Episode T: 999 Reward: -23.981
Total T: 319680 Episode Num: 320 Episode T: 999 Reward: -21.690
---------------------------------------
Evaluation over 10 episodes: -0.023
---------------------------------------
Total T: 320679 Episode Num: 321 Episode T: 999 Reward: -22.877
Total T: 321678 Episode Num: 322 Episode T: 999 Reward: -23.853
Total T: 322677 Episode Num: 323 Episode T: 999 Reward: -21.772
Total T: 323676 Episode Num: 324 Episode T: 999 Reward: -23.924
Total T: 324675 Episode Num: 325 Episode T: 999 Reward: -22.120
---------------------------------------
Evaluation over 10 episodes: -0.032
---------------------------------------
Total T: 325674 Episode Num: 326 Episode T: 999 Reward: -22.556
Total T: 326673 Episode Num: 327 Episode T: 999 Reward: -22.175
Total T: 327672 Episode Num: 328 Episode T: 999 Reward: -24.541
Total T: 328671 Episode Num: 329 Episode T: 999 Reward: -22.680
Total T: 329670 Episode Num: 330 Episode T: 999 Reward: -22.526
---------------------------------------
Evaluation over 10 episodes: -0.020
---------------------------------------
Total T: 330669 Episode Num: 331 Episode T: 999 Reward: -23.639
Total T: 331668 Episode Num: 332 Episode T: 999 Reward: -23.793
Total T: 332667 Episode Num: 333 Episode T: 999 Reward: -24.557
Total T: 333666 Episode Num: 334 Episode T: 999 Reward: -21.738
Total T: 334665 Episode Num: 335 Episode T: 999 Reward: -23.797
---------------------------------------
Evaluation over 10 episodes: -0.023
---------------------------------------
Total T: 335664 Episode Num: 336 Episode T: 999 Reward: -22.451
Total T: 336663 Episode Num: 337 Episode T: 999 Reward: -22.484
Total T: 337662 Episode Num: 338 Episode T: 999 Reward: -22.243
Total T: 338661 Episode Num: 339 Episode T: 999 Reward: -22.733
Total T: 339660 Episode Num: 340 Episode T: 999 Reward: -22.764
---------------------------------------
Evaluation over 10 episodes: -0.018
---------------------------------------
Total T: 340659 Episode Num: 341 Episode T: 999 Reward: -24.938
Total T: 341658 Episode Num: 342 Episode T: 999 Reward: -22.131
Total T: 342657 Episode Num: 343 Episode T: 999 Reward: -23.545
Total T: 343656 Episode Num: 344 Episode T: 999 Reward: -22.685
Total T: 344655 Episode Num: 345 Episode T: 999 Reward: -22.365
---------------------------------------
Evaluation over 10 episodes: -0.029
---------------------------------------
Total T: 345654 Episode Num: 346 Episode T: 999 Reward: -24.200
Total T: 346653 Episode Num: 347 Episode T: 999 Reward: -23.472
Total T: 347652 Episode Num: 348 Episode T: 999 Reward: -21.828
Total T: 348651 Episode Num: 349 Episode T: 999 Reward: -23.186
Total T: 349650 Episode Num: 350 Episode T: 999 Reward: -22.174
---------------------------------------
Evaluation over 10 episodes: -0.018
---------------------------------------
Total T: 350649 Episode Num: 351 Episode T: 999 Reward: -23.355
Total T: 351648 Episode Num: 352 Episode T: 999 Reward: -22.591
Total T: 352647 Episode Num: 353 Episode T: 999 Reward: -23.222
Total T: 353646 Episode Num: 354 Episode T: 999 Reward: -24.981
Total T: 354645 Episode Num: 355 Episode T: 999 Reward: -21.916
---------------------------------------
Evaluation over 10 episodes: -0.010
---------------------------------------
Total T: 355644 Episode Num: 356 Episode T: 999 Reward: -21.742
Total T: 356643 Episode Num: 357 Episode T: 999 Reward: -22.258
Total T: 357642 Episode Num: 358 Episode T: 999 Reward: -22.717
Total T: 358641 Episode Num: 359 Episode T: 999 Reward: -22.890
Total T: 359640 Episode Num: 360 Episode T: 999 Reward: -22.033
---------------------------------------
Evaluation over 10 episodes: -0.016
---------------------------------------
Total T: 360639 Episode Num: 361 Episode T: 999 Reward: -21.908
Total T: 361638 Episode Num: 362 Episode T: 999 Reward: -23.958
Total T: 362637 Episode Num: 363 Episode T: 999 Reward: -23.802
Total T: 363636 Episode Num: 364 Episode T: 999 Reward: -23.458
Total T: 364635 Episode Num: 365 Episode T: 999 Reward: -24.242
---------------------------------------
Evaluation over 10 episodes: -0.021
---------------------------------------
Total T: 365634 Episode Num: 366 Episode T: 999 Reward: -23.007
Total T: 366633 Episode Num: 367 Episode T: 999 Reward: -24.430
Total T: 367632 Episode Num: 368 Episode T: 999 Reward: -22.715
Total T: 368631 Episode Num: 369 Episode T: 999 Reward: -23.529
Total T: 369630 Episode Num: 370 Episode T: 999 Reward: -21.921
---------------------------------------
Evaluation over 10 episodes: -0.037
---------------------------------------
Total T: 370629 Episode Num: 371 Episode T: 999 Reward: -24.343
Total T: 371628 Episode Num: 372 Episode T: 999 Reward: -22.802
Total T: 372627 Episode Num: 373 Episode T: 999 Reward: -22.887
Total T: 373626 Episode Num: 374 Episode T: 999 Reward: -23.205
Total T: 374625 Episode Num: 375 Episode T: 999 Reward: -21.150
---------------------------------------
Evaluation over 10 episodes: -0.048
---------------------------------------
Total T: 375624 Episode Num: 376 Episode T: 999 Reward: -21.342
Total T: 376623 Episode Num: 377 Episode T: 999 Reward: -24.110
Total T: 377622 Episode Num: 378 Episode T: 999 Reward: -20.906
Total T: 378621 Episode Num: 379 Episode T: 999 Reward: -21.780
Total T: 379620 Episode Num: 380 Episode T: 999 Reward: -24.361
---------------------------------------
Evaluation over 10 episodes: -0.032
---------------------------------------
Total T: 380619 Episode Num: 381 Episode T: 999 Reward: -24.969
Total T: 381618 Episode Num: 382 Episode T: 999 Reward: -23.342
Total T: 382617 Episode Num: 383 Episode T: 999 Reward: -22.579
Total T: 383616 Episode Num: 384 Episode T: 999 Reward: -25.040
Total T: 384615 Episode Num: 385 Episode T: 999 Reward: -24.679
---------------------------------------
Evaluation over 10 episodes: -0.020
---------------------------------------
Total T: 385614 Episode Num: 386 Episode T: 999 Reward: -24.302
Total T: 386613 Episode Num: 387 Episode T: 999 Reward: -21.784
Total T: 387612 Episode Num: 388 Episode T: 999 Reward: -22.532
Total T: 388611 Episode Num: 389 Episode T: 999 Reward: -23.924
Total T: 389610 Episode Num: 390 Episode T: 999 Reward: -22.432
---------------------------------------
Evaluation over 10 episodes: -0.017
---------------------------------------
Total T: 390609 Episode Num: 391 Episode T: 999 Reward: -24.483
Total T: 391608 Episode Num: 392 Episode T: 999 Reward: -22.353
Total T: 392607 Episode Num: 393 Episode T: 999 Reward: -23.472
Total T: 393606 Episode Num: 394 Episode T: 999 Reward: -22.801
Total T: 394605 Episode Num: 395 Episode T: 999 Reward: -24.184
---------------------------------------
Evaluation over 10 episodes: -0.016
---------------------------------------
Total T: 395604 Episode Num: 396 Episode T: 999 Reward: -22.510
Total T: 396603 Episode Num: 397 Episode T: 999 Reward: -23.746
Total T: 397602 Episode Num: 398 Episode T: 999 Reward: -23.853
Total T: 398601 Episode Num: 399 Episode T: 999 Reward: -22.850
Total T: 399600 Episode Num: 400 Episode T: 999 Reward: -23.617
---------------------------------------
Evaluation over 10 episodes: -0.019
---------------------------------------
Total T: 400599 Episode Num: 401 Episode T: 999 Reward: -21.712
Total T: 401598 Episode Num: 402 Episode T: 999 Reward: -23.108
Total T: 402597 Episode Num: 403 Episode T: 999 Reward: -23.824
Total T: 403596 Episode Num: 404 Episode T: 999 Reward: -24.051
Total T: 404595 Episode Num: 405 Episode T: 999 Reward: -22.485
---------------------------------------
Evaluation over 10 episodes: -0.023
---------------------------------------
Total T: 405594 Episode Num: 406 Episode T: 999 Reward: -23.386
Total T: 406593 Episode Num: 407 Episode T: 999 Reward: -22.764
Total T: 407592 Episode Num: 408 Episode T: 999 Reward: -22.507
Total T: 408591 Episode Num: 409 Episode T: 999 Reward: -22.632
Total T: 409590 Episode Num: 410 Episode T: 999 Reward: -23.285
---------------------------------------
Evaluation over 10 episodes: -0.014
---------------------------------------
Total T: 410589 Episode Num: 411 Episode T: 999 Reward: -22.939
Total T: 411588 Episode Num: 412 Episode T: 999 Reward: -22.344
Total T: 412587 Episode Num: 413 Episode T: 999 Reward: -23.385
Total T: 413586 Episode Num: 414 Episode T: 999 Reward: -24.620
Total T: 414585 Episode Num: 415 Episode T: 999 Reward: -22.237
---------------------------------------
Evaluation over 10 episodes: -0.013
---------------------------------------
Total T: 415584 Episode Num: 416 Episode T: 999 Reward: -23.966
Total T: 416583 Episode Num: 417 Episode T: 999 Reward: -22.590
Total T: 417582 Episode Num: 418 Episode T: 999 Reward: -22.704
Total T: 418581 Episode Num: 419 Episode T: 999 Reward: -22.752
Total T: 419580 Episode Num: 420 Episode T: 999 Reward: -23.082
---------------------------------------
Evaluation over 10 episodes: -0.011
---------------------------------------
Total T: 420579 Episode Num: 421 Episode T: 999 Reward: -23.603
Total T: 421578 Episode Num: 422 Episode T: 999 Reward: -24.490
Total T: 422577 Episode Num: 423 Episode T: 999 Reward: -23.368
Total T: 423576 Episode Num: 424 Episode T: 999 Reward: -23.503
Total T: 424575 Episode Num: 425 Episode T: 999 Reward: -23.077
---------------------------------------
Evaluation over 10 episodes: -0.011
---------------------------------------
Total T: 425574 Episode Num: 426 Episode T: 999 Reward: -21.197
Total T: 426573 Episode Num: 427 Episode T: 999 Reward: -24.057
Total T: 427572 Episode Num: 428 Episode T: 999 Reward: -21.591
Total T: 428571 Episode Num: 429 Episode T: 999 Reward: -23.697
Total T: 429570 Episode Num: 430 Episode T: 999 Reward: -22.088
---------------------------------------
Evaluation over 10 episodes: -0.016
---------------------------------------
Total T: 430569 Episode Num: 431 Episode T: 999 Reward: -23.379
Total T: 431568 Episode Num: 432 Episode T: 999 Reward: -23.540
Total T: 432567 Episode Num: 433 Episode T: 999 Reward: -22.512
Total T: 433566 Episode Num: 434 Episode T: 999 Reward: -23.426
Total T: 434565 Episode Num: 435 Episode T: 999 Reward: -23.963
---------------------------------------
Evaluation over 10 episodes: -0.013
---------------------------------------
Total T: 435564 Episode Num: 436 Episode T: 999 Reward: -22.738
Total T: 436563 Episode Num: 437 Episode T: 999 Reward: -23.147
Total T: 437562 Episode Num: 438 Episode T: 999 Reward: -23.531
Total T: 438561 Episode Num: 439 Episode T: 999 Reward: -22.620
Total T: 439560 Episode Num: 440 Episode T: 999 Reward: -22.210
---------------------------------------
Evaluation over 10 episodes: -0.014
---------------------------------------
Total T: 440559 Episode Num: 441 Episode T: 999 Reward: -22.637
Total T: 441558 Episode Num: 442 Episode T: 999 Reward: -22.181
Total T: 442557 Episode Num: 443 Episode T: 999 Reward: -22.955
Total T: 443556 Episode Num: 444 Episode T: 999 Reward: -23.553
Total T: 444555 Episode Num: 445 Episode T: 999 Reward: -23.151
---------------------------------------
Evaluation over 10 episodes: -0.009
---------------------------------------
Total T: 445554 Episode Num: 446 Episode T: 999 Reward: -22.799
Total T: 446553 Episode Num: 447 Episode T: 999 Reward: -22.378
Total T: 447552 Episode Num: 448 Episode T: 999 Reward: -22.433
Total T: 448551 Episode Num: 449 Episode T: 999 Reward: -23.293
Total T: 449550 Episode Num: 450 Episode T: 999 Reward: -22.718
---------------------------------------
Evaluation over 10 episodes: -0.014
---------------------------------------
Total T: 450549 Episode Num: 451 Episode T: 999 Reward: -22.071
Total T: 451548 Episode Num: 452 Episode T: 999 Reward: -24.135
Total T: 452547 Episode Num: 453 Episode T: 999 Reward: -22.731
Total T: 453546 Episode Num: 454 Episode T: 999 Reward: -23.904
Total T: 454545 Episode Num: 455 Episode T: 999 Reward: -23.628
---------------------------------------
Evaluation over 10 episodes: -0.017
---------------------------------------
Total T: 455544 Episode Num: 456 Episode T: 999 Reward: -22.605
Total T: 456543 Episode Num: 457 Episode T: 999 Reward: -21.925
Total T: 457542 Episode Num: 458 Episode T: 999 Reward: -23.886
Total T: 458541 Episode Num: 459 Episode T: 999 Reward: -22.696
Total T: 459540 Episode Num: 460 Episode T: 999 Reward: -23.738
---------------------------------------
Evaluation over 10 episodes: -0.017
---------------------------------------
Total T: 460539 Episode Num: 461 Episode T: 999 Reward: -22.712
Total T: 461538 Episode Num: 462 Episode T: 999 Reward: -24.218
Total T: 462537 Episode Num: 463 Episode T: 999 Reward: -22.538
Total T: 463536 Episode Num: 464 Episode T: 999 Reward: -24.137
Total T: 464535 Episode Num: 465 Episode T: 999 Reward: -22.891
---------------------------------------
Evaluation over 10 episodes: -0.016
---------------------------------------
Total T: 465534 Episode Num: 466 Episode T: 999 Reward: -24.023
Total T: 466533 Episode Num: 467 Episode T: 999 Reward: -23.782
Total T: 467532 Episode Num: 468 Episode T: 999 Reward: -22.737
Total T: 468531 Episode Num: 469 Episode T: 999 Reward: -22.728
Total T: 469530 Episode Num: 470 Episode T: 999 Reward: -22.719
---------------------------------------
Evaluation over 10 episodes: -0.024
---------------------------------------
Total T: 470529 Episode Num: 471 Episode T: 999 Reward: -22.971
Total T: 471528 Episode Num: 472 Episode T: 999 Reward: -23.227
Total T: 472527 Episode Num: 473 Episode T: 999 Reward: -23.476
Total T: 473526 Episode Num: 474 Episode T: 999 Reward: -22.221
Total T: 474525 Episode Num: 475 Episode T: 999 Reward: -22.352
---------------------------------------
Evaluation over 10 episodes: -0.022
---------------------------------------
Total T: 475524 Episode Num: 476 Episode T: 999 Reward: -22.649
Total T: 476523 Episode Num: 477 Episode T: 999 Reward: -23.285
Total T: 477522 Episode Num: 478 Episode T: 999 Reward: -22.772
Total T: 478521 Episode Num: 479 Episode T: 999 Reward: -22.577
Total T: 479520 Episode Num: 480 Episode T: 999 Reward: -23.729
---------------------------------------
Evaluation over 10 episodes: -0.024
---------------------------------------
Total T: 480519 Episode Num: 481 Episode T: 999 Reward: -23.217
Total T: 481518 Episode Num: 482 Episode T: 999 Reward: -22.929
Total T: 482517 Episode Num: 483 Episode T: 999 Reward: -25.002
Total T: 483516 Episode Num: 484 Episode T: 999 Reward: -21.361
Total T: 484515 Episode Num: 485 Episode T: 999 Reward: -23.499
---------------------------------------
Evaluation over 10 episodes: -0.025
---------------------------------------
Total T: 485514 Episode Num: 486 Episode T: 999 Reward: -22.125
Total T: 486513 Episode Num: 487 Episode T: 999 Reward: -22.112
Total T: 487512 Episode Num: 488 Episode T: 999 Reward: -23.801
Total T: 488511 Episode Num: 489 Episode T: 999 Reward: -22.196
Total T: 489510 Episode Num: 490 Episode T: 999 Reward: -24.908
---------------------------------------
Evaluation over 10 episodes: -0.030
---------------------------------------
Total T: 490509 Episode Num: 491 Episode T: 999 Reward: -21.633
Total T: 491508 Episode Num: 492 Episode T: 999 Reward: -22.326
Total T: 492507 Episode Num: 493 Episode T: 999 Reward: -22.288
Total T: 493506 Episode Num: 494 Episode T: 999 Reward: -22.481
Total T: 494505 Episode Num: 495 Episode T: 999 Reward: -22.806
---------------------------------------
Evaluation over 10 episodes: -0.024
---------------------------------------
Total T: 495504 Episode Num: 496 Episode T: 999 Reward: -22.945
Total T: 496503 Episode Num: 497 Episode T: 999 Reward: -24.080
Total T: 497502 Episode Num: 498 Episode T: 999 Reward: -22.387
Total T: 498501 Episode Num: 499 Episode T: 999 Reward: -23.491
Total T: 499500 Episode Num: 500 Episode T: 999 Reward: -21.737
---------------------------------------
Evaluation over 10 episodes: -0.017
---------------------------------------
