---------------------------------------
Policy: TD3, Env: MountainCarContinuous-v0, Seed: 0
---------------------------------------
---------------------------------------
Evaluation over 10 episodes: -0.277
---------------------------------------
Total T: 999 Episode Num: 1 Episode T: 999 Reward: -32.504
Total T: 1998 Episode Num: 2 Episode T: 999 Reward: -35.036
Total T: 2997 Episode Num: 3 Episode T: 999 Reward: -32.692
Total T: 3996 Episode Num: 4 Episode T: 999 Reward: -32.465
Total T: 4995 Episode Num: 5 Episode T: 999 Reward: -35.142
---------------------------------------
Evaluation over 10 episodes: -0.277
---------------------------------------
Total T: 5994 Episode Num: 6 Episode T: 999 Reward: -32.234
Total T: 6993 Episode Num: 7 Episode T: 999 Reward: -34.059
Total T: 7992 Episode Num: 8 Episode T: 999 Reward: -33.792
Total T: 8991 Episode Num: 9 Episode T: 999 Reward: -33.278
Total T: 9990 Episode Num: 10 Episode T: 999 Reward: -32.696
---------------------------------------
Evaluation over 10 episodes: -0.277
---------------------------------------
Total T: 10989 Episode Num: 11 Episode T: 999 Reward: -32.580
Total T: 11988 Episode Num: 12 Episode T: 999 Reward: -33.955
Total T: 12987 Episode Num: 13 Episode T: 999 Reward: -33.182
Total T: 13986 Episode Num: 14 Episode T: 999 Reward: -33.186
Total T: 14985 Episode Num: 15 Episode T: 999 Reward: -32.310
---------------------------------------
Evaluation over 10 episodes: -0.277
---------------------------------------
Total T: 15984 Episode Num: 16 Episode T: 999 Reward: -32.807
Total T: 16983 Episode Num: 17 Episode T: 999 Reward: -31.836
Total T: 17982 Episode Num: 18 Episode T: 999 Reward: -33.139
Total T: 18981 Episode Num: 19 Episode T: 999 Reward: -32.588
Total T: 19980 Episode Num: 20 Episode T: 999 Reward: -32.118
---------------------------------------
Evaluation over 10 episodes: -0.277
---------------------------------------
Total T: 20979 Episode Num: 21 Episode T: 999 Reward: -32.293
Total T: 21978 Episode Num: 22 Episode T: 999 Reward: -32.756
Total T: 22977 Episode Num: 23 Episode T: 999 Reward: -32.745
Total T: 23976 Episode Num: 24 Episode T: 999 Reward: -31.752
Total T: 24975 Episode Num: 25 Episode T: 999 Reward: -33.952
---------------------------------------
Evaluation over 10 episodes: -0.277
---------------------------------------
Total T: 25974 Episode Num: 26 Episode T: 999 Reward: -36.712
Total T: 26973 Episode Num: 27 Episode T: 999 Reward: -34.745
Total T: 27972 Episode Num: 28 Episode T: 999 Reward: -36.063
Total T: 28971 Episode Num: 29 Episode T: 999 Reward: -37.322
Total T: 29970 Episode Num: 30 Episode T: 999 Reward: -35.328
---------------------------------------
Evaluation over 10 episodes: -0.056
---------------------------------------
Total T: 30969 Episode Num: 31 Episode T: 999 Reward: -35.794
Total T: 31968 Episode Num: 32 Episode T: 999 Reward: -35.290
Total T: 32967 Episode Num: 33 Episode T: 999 Reward: -37.117
Total T: 33966 Episode Num: 34 Episode T: 999 Reward: -37.455
Total T: 34965 Episode Num: 35 Episode T: 999 Reward: -35.826
---------------------------------------
Evaluation over 10 episodes: -0.056
---------------------------------------
Total T: 35964 Episode Num: 36 Episode T: 999 Reward: -39.040
Total T: 36963 Episode Num: 37 Episode T: 999 Reward: -36.046
Total T: 37962 Episode Num: 38 Episode T: 999 Reward: -36.648
Total T: 38961 Episode Num: 39 Episode T: 999 Reward: -36.655
Total T: 39960 Episode Num: 40 Episode T: 999 Reward: -35.786
---------------------------------------
Evaluation over 10 episodes: -0.005
---------------------------------------
Total T: 40959 Episode Num: 41 Episode T: 999 Reward: -38.453
Total T: 41958 Episode Num: 42 Episode T: 999 Reward: -37.929
Total T: 42957 Episode Num: 43 Episode T: 999 Reward: -36.887
Total T: 43956 Episode Num: 44 Episode T: 999 Reward: -36.787
Total T: 44955 Episode Num: 45 Episode T: 999 Reward: -35.550
---------------------------------------
Evaluation over 10 episodes: -0.044
---------------------------------------
Total T: 45954 Episode Num: 46 Episode T: 999 Reward: -37.700
Total T: 46953 Episode Num: 47 Episode T: 999 Reward: -34.527
Total T: 47952 Episode Num: 48 Episode T: 999 Reward: -37.310
Total T: 48951 Episode Num: 49 Episode T: 999 Reward: -33.890
Total T: 49950 Episode Num: 50 Episode T: 999 Reward: -37.549
---------------------------------------
Evaluation over 10 episodes: -0.058
---------------------------------------
Total T: 50949 Episode Num: 51 Episode T: 999 Reward: -36.895
Total T: 51948 Episode Num: 52 Episode T: 999 Reward: -37.504
Total T: 52947 Episode Num: 53 Episode T: 999 Reward: -37.250
Total T: 53946 Episode Num: 54 Episode T: 999 Reward: -35.852
Total T: 54945 Episode Num: 55 Episode T: 999 Reward: -37.329
---------------------------------------
Evaluation over 10 episodes: -0.007
---------------------------------------
Total T: 55944 Episode Num: 56 Episode T: 999 Reward: -37.266
Total T: 56943 Episode Num: 57 Episode T: 999 Reward: -35.583
Total T: 57942 Episode Num: 58 Episode T: 999 Reward: -36.761
Total T: 58941 Episode Num: 59 Episode T: 999 Reward: -37.082
Total T: 59940 Episode Num: 60 Episode T: 999 Reward: -36.310
---------------------------------------
Evaluation over 10 episodes: -0.006
---------------------------------------
Total T: 60939 Episode Num: 61 Episode T: 999 Reward: -35.393
Total T: 61938 Episode Num: 62 Episode T: 999 Reward: -36.624
Total T: 62937 Episode Num: 63 Episode T: 999 Reward: -37.879
Total T: 63936 Episode Num: 64 Episode T: 999 Reward: -35.902
Total T: 64935 Episode Num: 65 Episode T: 999 Reward: -37.717
---------------------------------------
Evaluation over 10 episodes: -0.017
---------------------------------------
Total T: 65934 Episode Num: 66 Episode T: 999 Reward: -36.642
Total T: 66933 Episode Num: 67 Episode T: 999 Reward: -37.740
Total T: 67932 Episode Num: 68 Episode T: 999 Reward: -37.284
Total T: 68931 Episode Num: 69 Episode T: 999 Reward: -38.108
Total T: 69930 Episode Num: 70 Episode T: 999 Reward: -34.158
---------------------------------------
Evaluation over 10 episodes: -0.027
---------------------------------------
Total T: 70929 Episode Num: 71 Episode T: 999 Reward: -37.047
Total T: 71928 Episode Num: 72 Episode T: 999 Reward: -35.144
Total T: 72927 Episode Num: 73 Episode T: 999 Reward: -36.056
Total T: 73926 Episode Num: 74 Episode T: 999 Reward: -36.891
Total T: 74925 Episode Num: 75 Episode T: 999 Reward: -36.457
---------------------------------------
Evaluation over 10 episodes: -0.006
---------------------------------------
Total T: 75924 Episode Num: 76 Episode T: 999 Reward: -38.005
Total T: 76923 Episode Num: 77 Episode T: 999 Reward: -38.192
Total T: 77922 Episode Num: 78 Episode T: 999 Reward: -37.434
Total T: 78921 Episode Num: 79 Episode T: 999 Reward: -35.830
Total T: 79920 Episode Num: 80 Episode T: 999 Reward: -36.038
---------------------------------------
Evaluation over 10 episodes: -0.013
---------------------------------------
Total T: 80919 Episode Num: 81 Episode T: 999 Reward: -38.351
Total T: 81918 Episode Num: 82 Episode T: 999 Reward: -36.394
Total T: 82917 Episode Num: 83 Episode T: 999 Reward: -36.915
Total T: 83916 Episode Num: 84 Episode T: 999 Reward: -38.727
Total T: 84915 Episode Num: 85 Episode T: 999 Reward: -35.948
---------------------------------------
Evaluation over 10 episodes: -0.007
---------------------------------------
Total T: 85914 Episode Num: 86 Episode T: 999 Reward: -36.775
Total T: 86913 Episode Num: 87 Episode T: 999 Reward: -36.988
Total T: 87912 Episode Num: 88 Episode T: 999 Reward: -36.177
Total T: 88911 Episode Num: 89 Episode T: 999 Reward: -37.970
Total T: 89910 Episode Num: 90 Episode T: 999 Reward: -38.180
---------------------------------------
Evaluation over 10 episodes: -0.038
---------------------------------------
Total T: 90909 Episode Num: 91 Episode T: 999 Reward: -37.174
Total T: 91908 Episode Num: 92 Episode T: 999 Reward: -36.116
Total T: 92907 Episode Num: 93 Episode T: 999 Reward: -36.382
Total T: 93906 Episode Num: 94 Episode T: 999 Reward: -36.398
Total T: 94905 Episode Num: 95 Episode T: 999 Reward: -35.032
---------------------------------------
Evaluation over 10 episodes: -0.030
---------------------------------------
Total T: 95904 Episode Num: 96 Episode T: 999 Reward: -33.994
Total T: 96903 Episode Num: 97 Episode T: 999 Reward: -38.420
Total T: 97902 Episode Num: 98 Episode T: 999 Reward: -35.754
Total T: 98901 Episode Num: 99 Episode T: 999 Reward: -36.801
Total T: 99900 Episode Num: 100 Episode T: 999 Reward: -37.201
---------------------------------------
Evaluation over 10 episodes: -0.024
---------------------------------------
Total T: 100899 Episode Num: 101 Episode T: 999 Reward: -36.965
Total T: 101898 Episode Num: 102 Episode T: 999 Reward: -37.046
Total T: 102897 Episode Num: 103 Episode T: 999 Reward: -38.289
Total T: 103896 Episode Num: 104 Episode T: 999 Reward: -35.764
Total T: 104895 Episode Num: 105 Episode T: 999 Reward: -37.630
---------------------------------------
Evaluation over 10 episodes: -0.020
---------------------------------------
Total T: 105894 Episode Num: 106 Episode T: 999 Reward: -38.096
Total T: 106893 Episode Num: 107 Episode T: 999 Reward: -37.625
Total T: 107892 Episode Num: 108 Episode T: 999 Reward: -36.909
Total T: 108891 Episode Num: 109 Episode T: 999 Reward: -37.658
Total T: 109890 Episode Num: 110 Episode T: 999 Reward: -34.609
---------------------------------------
Evaluation over 10 episodes: -0.020
---------------------------------------
Total T: 110889 Episode Num: 111 Episode T: 999 Reward: -37.030
Total T: 111888 Episode Num: 112 Episode T: 999 Reward: -34.416
Total T: 112887 Episode Num: 113 Episode T: 999 Reward: -34.353
Total T: 113886 Episode Num: 114 Episode T: 999 Reward: -34.895
Total T: 114885 Episode Num: 115 Episode T: 999 Reward: -36.476
---------------------------------------
Evaluation over 10 episodes: -0.023
---------------------------------------
Total T: 115884 Episode Num: 116 Episode T: 999 Reward: -35.095
Total T: 116883 Episode Num: 117 Episode T: 999 Reward: -37.078
Total T: 117882 Episode Num: 118 Episode T: 999 Reward: -37.237
Total T: 118881 Episode Num: 119 Episode T: 999 Reward: -36.632
Total T: 119880 Episode Num: 120 Episode T: 999 Reward: -35.848
---------------------------------------
Evaluation over 10 episodes: -0.024
---------------------------------------
Total T: 120879 Episode Num: 121 Episode T: 999 Reward: -37.328
Total T: 121878 Episode Num: 122 Episode T: 999 Reward: -38.217
Total T: 122877 Episode Num: 123 Episode T: 999 Reward: -35.625
Total T: 123876 Episode Num: 124 Episode T: 999 Reward: -36.524
Total T: 124875 Episode Num: 125 Episode T: 999 Reward: -36.303
---------------------------------------
Evaluation over 10 episodes: -0.023
---------------------------------------
Total T: 125874 Episode Num: 126 Episode T: 999 Reward: -36.591
Total T: 126873 Episode Num: 127 Episode T: 999 Reward: -37.396
Total T: 127872 Episode Num: 128 Episode T: 999 Reward: -36.847
Total T: 128871 Episode Num: 129 Episode T: 999 Reward: -36.028
Total T: 129870 Episode Num: 130 Episode T: 999 Reward: -38.209
---------------------------------------
Evaluation over 10 episodes: -0.028
---------------------------------------
Total T: 130869 Episode Num: 131 Episode T: 999 Reward: -40.069
Total T: 131868 Episode Num: 132 Episode T: 999 Reward: -37.702
Total T: 132867 Episode Num: 133 Episode T: 999 Reward: -37.301
Total T: 133866 Episode Num: 134 Episode T: 999 Reward: -37.061
Total T: 134865 Episode Num: 135 Episode T: 999 Reward: -34.710
---------------------------------------
Evaluation over 10 episodes: -0.027
---------------------------------------
Total T: 135864 Episode Num: 136 Episode T: 999 Reward: -38.449
Total T: 136863 Episode Num: 137 Episode T: 999 Reward: -39.109
Total T: 137862 Episode Num: 138 Episode T: 999 Reward: -37.317
Total T: 138861 Episode Num: 139 Episode T: 999 Reward: -38.816
Total T: 139860 Episode Num: 140 Episode T: 999 Reward: -37.367
---------------------------------------
Evaluation over 10 episodes: -0.028
---------------------------------------
Total T: 140859 Episode Num: 141 Episode T: 999 Reward: -37.054
Total T: 141858 Episode Num: 142 Episode T: 999 Reward: -37.857
Total T: 142857 Episode Num: 143 Episode T: 999 Reward: -37.588
Total T: 143856 Episode Num: 144 Episode T: 999 Reward: -35.395
Total T: 144855 Episode Num: 145 Episode T: 999 Reward: -38.067
---------------------------------------
Evaluation over 10 episodes: -0.027
---------------------------------------
Total T: 145854 Episode Num: 146 Episode T: 999 Reward: -36.745
Total T: 146853 Episode Num: 147 Episode T: 999 Reward: -35.740
Total T: 147852 Episode Num: 148 Episode T: 999 Reward: -35.837
Total T: 148851 Episode Num: 149 Episode T: 999 Reward: -36.824
Total T: 149850 Episode Num: 150 Episode T: 999 Reward: -36.493
---------------------------------------
Evaluation over 10 episodes: -0.032
---------------------------------------
Total T: 150849 Episode Num: 151 Episode T: 999 Reward: -36.487
Total T: 151848 Episode Num: 152 Episode T: 999 Reward: -36.462
Total T: 152847 Episode Num: 153 Episode T: 999 Reward: -34.470
Total T: 153846 Episode Num: 154 Episode T: 999 Reward: -37.205
Total T: 154845 Episode Num: 155 Episode T: 999 Reward: -34.819
---------------------------------------
Evaluation over 10 episodes: -0.024
---------------------------------------
Total T: 155844 Episode Num: 156 Episode T: 999 Reward: -34.890
Total T: 156843 Episode Num: 157 Episode T: 999 Reward: -38.134
Total T: 157842 Episode Num: 158 Episode T: 999 Reward: -37.537
Total T: 158841 Episode Num: 159 Episode T: 999 Reward: -35.748
Total T: 159840 Episode Num: 160 Episode T: 999 Reward: -37.450
---------------------------------------
Evaluation over 10 episodes: -0.029
---------------------------------------
Total T: 160839 Episode Num: 161 Episode T: 999 Reward: -36.198
Total T: 161838 Episode Num: 162 Episode T: 999 Reward: -36.562
Total T: 162837 Episode Num: 163 Episode T: 999 Reward: -36.412
Total T: 163836 Episode Num: 164 Episode T: 999 Reward: -37.236
Total T: 164835 Episode Num: 165 Episode T: 999 Reward: -37.011
---------------------------------------
Evaluation over 10 episodes: -0.030
---------------------------------------
Total T: 165834 Episode Num: 166 Episode T: 999 Reward: -37.978
Total T: 166833 Episode Num: 167 Episode T: 999 Reward: -36.816
Total T: 167832 Episode Num: 168 Episode T: 999 Reward: -36.813
Total T: 168831 Episode Num: 169 Episode T: 999 Reward: -37.686
Total T: 169830 Episode Num: 170 Episode T: 999 Reward: -36.090
---------------------------------------
Evaluation over 10 episodes: -0.028
---------------------------------------
Total T: 170829 Episode Num: 171 Episode T: 999 Reward: -37.176
Total T: 171828 Episode Num: 172 Episode T: 999 Reward: -37.289
Total T: 172827 Episode Num: 173 Episode T: 999 Reward: -37.913
Total T: 173826 Episode Num: 174 Episode T: 999 Reward: -37.148
Total T: 174825 Episode Num: 175 Episode T: 999 Reward: -35.472
---------------------------------------
Evaluation over 10 episodes: -0.024
---------------------------------------
Total T: 175824 Episode Num: 176 Episode T: 999 Reward: -35.738
Total T: 176823 Episode Num: 177 Episode T: 999 Reward: -38.353
Total T: 177822 Episode Num: 178 Episode T: 999 Reward: -38.499
Total T: 178821 Episode Num: 179 Episode T: 999 Reward: -37.637
Total T: 179820 Episode Num: 180 Episode T: 999 Reward: -35.203
---------------------------------------
Evaluation over 10 episodes: -0.031
---------------------------------------
Total T: 180819 Episode Num: 181 Episode T: 999 Reward: -36.317
Total T: 181818 Episode Num: 182 Episode T: 999 Reward: -36.318
Total T: 182817 Episode Num: 183 Episode T: 999 Reward: -36.423
Total T: 183816 Episode Num: 184 Episode T: 999 Reward: -37.834
Total T: 184815 Episode Num: 185 Episode T: 999 Reward: -36.834
---------------------------------------
Evaluation over 10 episodes: -0.026
---------------------------------------
Total T: 185814 Episode Num: 186 Episode T: 999 Reward: -37.300
Total T: 186813 Episode Num: 187 Episode T: 999 Reward: -37.559
Total T: 187812 Episode Num: 188 Episode T: 999 Reward: -35.307
Total T: 188811 Episode Num: 189 Episode T: 999 Reward: -36.779
Total T: 189810 Episode Num: 190 Episode T: 999 Reward: -35.930
---------------------------------------
Evaluation over 10 episodes: -0.030
---------------------------------------
Total T: 190809 Episode Num: 191 Episode T: 999 Reward: -36.925
Total T: 191808 Episode Num: 192 Episode T: 999 Reward: -36.035
Total T: 192807 Episode Num: 193 Episode T: 999 Reward: -37.200
Total T: 193806 Episode Num: 194 Episode T: 999 Reward: -37.161
Total T: 194805 Episode Num: 195 Episode T: 999 Reward: -33.802
---------------------------------------
Evaluation over 10 episodes: -0.027
---------------------------------------
Total T: 195804 Episode Num: 196 Episode T: 999 Reward: -38.928
Total T: 196803 Episode Num: 197 Episode T: 999 Reward: -36.306
Total T: 197802 Episode Num: 198 Episode T: 999 Reward: -36.581
Total T: 198801 Episode Num: 199 Episode T: 999 Reward: -38.722
Total T: 199800 Episode Num: 200 Episode T: 999 Reward: -35.587
---------------------------------------
Evaluation over 10 episodes: -0.029
---------------------------------------
Total T: 200799 Episode Num: 201 Episode T: 999 Reward: -34.598
Total T: 201798 Episode Num: 202 Episode T: 999 Reward: -37.112
Total T: 202797 Episode Num: 203 Episode T: 999 Reward: -35.591
Total T: 203796 Episode Num: 204 Episode T: 999 Reward: -36.419
Total T: 204795 Episode Num: 205 Episode T: 999 Reward: -36.199
---------------------------------------
Evaluation over 10 episodes: -0.028
---------------------------------------
Total T: 205794 Episode Num: 206 Episode T: 999 Reward: -35.404
Total T: 206793 Episode Num: 207 Episode T: 999 Reward: -36.030
Total T: 207792 Episode Num: 208 Episode T: 999 Reward: -38.348
Total T: 208791 Episode Num: 209 Episode T: 999 Reward: -35.228
Total T: 209790 Episode Num: 210 Episode T: 999 Reward: -37.567
---------------------------------------
Evaluation over 10 episodes: -0.026
---------------------------------------
Total T: 210789 Episode Num: 211 Episode T: 999 Reward: -36.181
Total T: 211788 Episode Num: 212 Episode T: 999 Reward: -36.494
Total T: 212787 Episode Num: 213 Episode T: 999 Reward: -39.733
Total T: 213786 Episode Num: 214 Episode T: 999 Reward: -36.107
Total T: 214785 Episode Num: 215 Episode T: 999 Reward: -35.811
---------------------------------------
Evaluation over 10 episodes: -0.026
---------------------------------------
Total T: 215784 Episode Num: 216 Episode T: 999 Reward: -34.576
Total T: 216783 Episode Num: 217 Episode T: 999 Reward: -36.416
Total T: 217782 Episode Num: 218 Episode T: 999 Reward: -37.107
Total T: 218781 Episode Num: 219 Episode T: 999 Reward: -37.333
Total T: 219780 Episode Num: 220 Episode T: 999 Reward: -34.125
---------------------------------------
Evaluation over 10 episodes: -0.025
---------------------------------------
Total T: 220779 Episode Num: 221 Episode T: 999 Reward: -36.221
Total T: 221778 Episode Num: 222 Episode T: 999 Reward: -36.596
Total T: 222777 Episode Num: 223 Episode T: 999 Reward: -35.039
Total T: 223776 Episode Num: 224 Episode T: 999 Reward: -38.556
Total T: 224775 Episode Num: 225 Episode T: 999 Reward: -37.434
---------------------------------------
Evaluation over 10 episodes: -0.021
---------------------------------------
Total T: 225774 Episode Num: 226 Episode T: 999 Reward: -36.362
Total T: 226773 Episode Num: 227 Episode T: 999 Reward: -36.490
Total T: 227772 Episode Num: 228 Episode T: 999 Reward: -38.286
Total T: 228771 Episode Num: 229 Episode T: 999 Reward: -36.626
Total T: 229770 Episode Num: 230 Episode T: 999 Reward: -37.345
---------------------------------------
Evaluation over 10 episodes: -0.024
---------------------------------------
Total T: 230769 Episode Num: 231 Episode T: 999 Reward: -38.294
Total T: 231768 Episode Num: 232 Episode T: 999 Reward: -37.913
Total T: 232767 Episode Num: 233 Episode T: 999 Reward: -36.649
Total T: 233766 Episode Num: 234 Episode T: 999 Reward: -36.737
Total T: 234765 Episode Num: 235 Episode T: 999 Reward: -35.484
---------------------------------------
Evaluation over 10 episodes: -0.021
---------------------------------------
Total T: 235764 Episode Num: 236 Episode T: 999 Reward: -38.805
Total T: 236763 Episode Num: 237 Episode T: 999 Reward: -34.561
Total T: 237762 Episode Num: 238 Episode T: 999 Reward: -37.163
Total T: 238761 Episode Num: 239 Episode T: 999 Reward: -37.495
Total T: 239760 Episode Num: 240 Episode T: 999 Reward: -36.952
---------------------------------------
Evaluation over 10 episodes: -0.028
---------------------------------------
Total T: 240759 Episode Num: 241 Episode T: 999 Reward: -38.674
Total T: 241758 Episode Num: 242 Episode T: 999 Reward: -38.417
Total T: 242757 Episode Num: 243 Episode T: 999 Reward: -35.115
Total T: 243756 Episode Num: 244 Episode T: 999 Reward: -37.736
Total T: 244755 Episode Num: 245 Episode T: 999 Reward: -37.687
---------------------------------------
Evaluation over 10 episodes: -0.023
---------------------------------------
Total T: 245754 Episode Num: 246 Episode T: 999 Reward: -35.100
Total T: 246753 Episode Num: 247 Episode T: 999 Reward: -37.407
Total T: 247752 Episode Num: 248 Episode T: 999 Reward: -36.843
Total T: 248751 Episode Num: 249 Episode T: 999 Reward: -35.061
Total T: 249750 Episode Num: 250 Episode T: 999 Reward: -36.946
---------------------------------------
Evaluation over 10 episodes: -0.028
---------------------------------------
Total T: 250749 Episode Num: 251 Episode T: 999 Reward: -35.188
Total T: 251748 Episode Num: 252 Episode T: 999 Reward: -37.107
Total T: 252747 Episode Num: 253 Episode T: 999 Reward: -37.108
Total T: 253746 Episode Num: 254 Episode T: 999 Reward: -34.274
Total T: 254745 Episode Num: 255 Episode T: 999 Reward: -35.387
---------------------------------------
Evaluation over 10 episodes: -0.027
---------------------------------------
Total T: 255744 Episode Num: 256 Episode T: 999 Reward: -36.593
Total T: 256743 Episode Num: 257 Episode T: 999 Reward: -35.367
Total T: 257742 Episode Num: 258 Episode T: 999 Reward: -34.815
Total T: 258741 Episode Num: 259 Episode T: 999 Reward: -37.140
Total T: 259740 Episode Num: 260 Episode T: 999 Reward: -37.511
---------------------------------------
Evaluation over 10 episodes: -0.024
---------------------------------------
Total T: 260739 Episode Num: 261 Episode T: 999 Reward: -37.716
Total T: 261738 Episode Num: 262 Episode T: 999 Reward: -39.511
Total T: 262737 Episode Num: 263 Episode T: 999 Reward: -37.566
Total T: 263736 Episode Num: 264 Episode T: 999 Reward: -36.869
Total T: 264735 Episode Num: 265 Episode T: 999 Reward: -35.311
---------------------------------------
Evaluation over 10 episodes: -0.025
---------------------------------------
Total T: 265734 Episode Num: 266 Episode T: 999 Reward: -36.740
Total T: 266733 Episode Num: 267 Episode T: 999 Reward: -39.219
Total T: 267732 Episode Num: 268 Episode T: 999 Reward: -36.675
Total T: 268731 Episode Num: 269 Episode T: 999 Reward: -35.334
Total T: 269730 Episode Num: 270 Episode T: 999 Reward: -35.723
---------------------------------------
Evaluation over 10 episodes: -0.025
---------------------------------------
Total T: 270729 Episode Num: 271 Episode T: 999 Reward: -37.390
Total T: 271728 Episode Num: 272 Episode T: 999 Reward: -35.951
Total T: 272727 Episode Num: 273 Episode T: 999 Reward: -39.230
Total T: 273726 Episode Num: 274 Episode T: 999 Reward: -36.960
Total T: 274725 Episode Num: 275 Episode T: 999 Reward: -39.419
---------------------------------------
Evaluation over 10 episodes: -0.026
---------------------------------------
Total T: 275724 Episode Num: 276 Episode T: 999 Reward: -35.368
Total T: 276723 Episode Num: 277 Episode T: 999 Reward: -37.333
Total T: 277722 Episode Num: 278 Episode T: 999 Reward: -36.729
Total T: 278721 Episode Num: 279 Episode T: 999 Reward: -35.956
Total T: 279720 Episode Num: 280 Episode T: 999 Reward: -35.348
---------------------------------------
Evaluation over 10 episodes: -0.025
---------------------------------------
Total T: 280719 Episode Num: 281 Episode T: 999 Reward: -36.658
Total T: 281718 Episode Num: 282 Episode T: 999 Reward: -35.778
Total T: 282717 Episode Num: 283 Episode T: 999 Reward: -38.209
Total T: 283716 Episode Num: 284 Episode T: 999 Reward: -37.719
Total T: 284715 Episode Num: 285 Episode T: 999 Reward: -37.485
---------------------------------------
Evaluation over 10 episodes: -0.028
---------------------------------------
Total T: 285714 Episode Num: 286 Episode T: 999 Reward: -34.310
Total T: 286713 Episode Num: 287 Episode T: 999 Reward: -36.045
Total T: 287712 Episode Num: 288 Episode T: 999 Reward: -36.131
Total T: 288711 Episode Num: 289 Episode T: 999 Reward: -36.102
Total T: 289710 Episode Num: 290 Episode T: 999 Reward: -34.325
---------------------------------------
Evaluation over 10 episodes: -0.027
---------------------------------------
Total T: 290709 Episode Num: 291 Episode T: 999 Reward: -35.003
Total T: 291708 Episode Num: 292 Episode T: 999 Reward: -36.305
Total T: 292707 Episode Num: 293 Episode T: 999 Reward: -35.526
Total T: 293706 Episode Num: 294 Episode T: 999 Reward: -37.121
Total T: 294705 Episode Num: 295 Episode T: 999 Reward: -39.392
---------------------------------------
Evaluation over 10 episodes: -0.026
---------------------------------------
Total T: 295704 Episode Num: 296 Episode T: 999 Reward: -37.541
Total T: 296703 Episode Num: 297 Episode T: 999 Reward: -37.566
Total T: 297702 Episode Num: 298 Episode T: 999 Reward: -33.975
Total T: 298701 Episode Num: 299 Episode T: 999 Reward: -36.512
Total T: 299700 Episode Num: 300 Episode T: 999 Reward: -34.245
---------------------------------------
Evaluation over 10 episodes: -0.026
---------------------------------------
Total T: 300699 Episode Num: 301 Episode T: 999 Reward: -35.248
Total T: 301698 Episode Num: 302 Episode T: 999 Reward: -38.437
Total T: 302697 Episode Num: 303 Episode T: 999 Reward: -37.712
Total T: 303696 Episode Num: 304 Episode T: 999 Reward: -36.181
Total T: 304695 Episode Num: 305 Episode T: 999 Reward: -37.263
---------------------------------------
Evaluation over 10 episodes: -0.026
---------------------------------------
Total T: 305694 Episode Num: 306 Episode T: 999 Reward: -37.292
Total T: 306693 Episode Num: 307 Episode T: 999 Reward: -34.725
Total T: 307586 Episode Num: 308 Episode T: 893 Reward: 67.668
Total T: 308585 Episode Num: 309 Episode T: 999 Reward: -37.780
Total T: 309584 Episode Num: 310 Episode T: 999 Reward: -36.575
---------------------------------------
Evaluation over 10 episodes: -0.035
---------------------------------------
Total T: 310583 Episode Num: 311 Episode T: 999 Reward: -36.630
Total T: 311582 Episode Num: 312 Episode T: 999 Reward: -39.285
Total T: 312581 Episode Num: 313 Episode T: 999 Reward: -34.570
Total T: 313580 Episode Num: 314 Episode T: 999 Reward: -35.478
Total T: 314579 Episode Num: 315 Episode T: 999 Reward: -38.275
---------------------------------------
Evaluation over 10 episodes: -0.343
---------------------------------------
Total T: 315578 Episode Num: 316 Episode T: 999 Reward: -36.052
Total T: 316577 Episode Num: 317 Episode T: 999 Reward: -38.159
Total T: 317576 Episode Num: 318 Episode T: 999 Reward: -37.131
Total T: 318575 Episode Num: 319 Episode T: 999 Reward: -34.870
Total T: 319574 Episode Num: 320 Episode T: 999 Reward: -36.525
---------------------------------------
Evaluation over 10 episodes: -0.300
---------------------------------------
Total T: 320573 Episode Num: 321 Episode T: 999 Reward: -38.263
Total T: 321572 Episode Num: 322 Episode T: 999 Reward: -36.695
Total T: 322571 Episode Num: 323 Episode T: 999 Reward: -36.448
Total T: 323570 Episode Num: 324 Episode T: 999 Reward: -34.972
Total T: 324569 Episode Num: 325 Episode T: 999 Reward: -36.898
---------------------------------------
Evaluation over 10 episodes: -0.165
---------------------------------------
Total T: 325568 Episode Num: 326 Episode T: 999 Reward: -37.266
Total T: 326567 Episode Num: 327 Episode T: 999 Reward: -38.203
Total T: 327566 Episode Num: 328 Episode T: 999 Reward: -39.108
Total T: 328565 Episode Num: 329 Episode T: 999 Reward: -35.783
Total T: 329564 Episode Num: 330 Episode T: 999 Reward: -36.595
---------------------------------------
Evaluation over 10 episodes: -0.065
---------------------------------------
Total T: 330563 Episode Num: 331 Episode T: 999 Reward: -35.187
Total T: 331562 Episode Num: 332 Episode T: 999 Reward: -37.953
Total T: 332561 Episode Num: 333 Episode T: 999 Reward: -35.704
Total T: 333560 Episode Num: 334 Episode T: 999 Reward: -37.397
Total T: 334559 Episode Num: 335 Episode T: 999 Reward: -37.715
---------------------------------------
Evaluation over 10 episodes: -0.051
---------------------------------------
Total T: 335558 Episode Num: 336 Episode T: 999 Reward: -36.550
Total T: 336557 Episode Num: 337 Episode T: 999 Reward: -37.063
Total T: 337556 Episode Num: 338 Episode T: 999 Reward: -35.805
Total T: 338555 Episode Num: 339 Episode T: 999 Reward: -37.460
Total T: 339554 Episode Num: 340 Episode T: 999 Reward: -37.078
---------------------------------------
Evaluation over 10 episodes: -0.556
---------------------------------------
Total T: 340553 Episode Num: 341 Episode T: 999 Reward: -38.574
Total T: 341552 Episode Num: 342 Episode T: 999 Reward: -36.115
Total T: 342551 Episode Num: 343 Episode T: 999 Reward: -39.123
Total T: 343550 Episode Num: 344 Episode T: 999 Reward: -36.494
Total T: 344549 Episode Num: 345 Episode T: 999 Reward: -37.034
---------------------------------------
Evaluation over 10 episodes: -0.104
---------------------------------------
Total T: 345548 Episode Num: 346 Episode T: 999 Reward: -36.139
Total T: 346547 Episode Num: 347 Episode T: 999 Reward: -37.338
Total T: 347546 Episode Num: 348 Episode T: 999 Reward: -37.366
Total T: 348545 Episode Num: 349 Episode T: 999 Reward: -38.198
Total T: 349544 Episode Num: 350 Episode T: 999 Reward: -34.698
---------------------------------------
Evaluation over 10 episodes: -0.642
---------------------------------------
Total T: 350543 Episode Num: 351 Episode T: 999 Reward: -37.313
Total T: 351542 Episode Num: 352 Episode T: 999 Reward: -40.811
Total T: 352541 Episode Num: 353 Episode T: 999 Reward: -36.902
Total T: 353540 Episode Num: 354 Episode T: 999 Reward: -37.966
Total T: 354539 Episode Num: 355 Episode T: 999 Reward: -35.267
---------------------------------------
Evaluation over 10 episodes: -0.176
---------------------------------------
Total T: 355538 Episode Num: 356 Episode T: 999 Reward: -36.476
Total T: 356537 Episode Num: 357 Episode T: 999 Reward: -34.883
Total T: 357536 Episode Num: 358 Episode T: 999 Reward: -36.169
Total T: 358535 Episode Num: 359 Episode T: 999 Reward: -38.259
Total T: 359534 Episode Num: 360 Episode T: 999 Reward: -35.449
---------------------------------------
Evaluation over 10 episodes: -0.507
---------------------------------------
Total T: 360533 Episode Num: 361 Episode T: 999 Reward: -35.507
Total T: 361532 Episode Num: 362 Episode T: 999 Reward: -36.906
Total T: 362531 Episode Num: 363 Episode T: 999 Reward: -38.996
Total T: 363530 Episode Num: 364 Episode T: 999 Reward: -37.488
Total T: 364529 Episode Num: 365 Episode T: 999 Reward: -38.999
---------------------------------------
Evaluation over 10 episodes: -0.475
---------------------------------------
Total T: 365528 Episode Num: 366 Episode T: 999 Reward: -35.692
Total T: 366527 Episode Num: 367 Episode T: 999 Reward: -36.279
Total T: 367526 Episode Num: 368 Episode T: 999 Reward: -37.047
Total T: 368525 Episode Num: 369 Episode T: 999 Reward: -35.933
Total T: 369524 Episode Num: 370 Episode T: 999 Reward: -35.780
---------------------------------------
Evaluation over 10 episodes: -0.020
---------------------------------------
Total T: 370523 Episode Num: 371 Episode T: 999 Reward: -37.204
Total T: 371522 Episode Num: 372 Episode T: 999 Reward: -36.422
Total T: 372521 Episode Num: 373 Episode T: 999 Reward: -38.412
Total T: 373520 Episode Num: 374 Episode T: 999 Reward: -37.295
Total T: 374519 Episode Num: 375 Episode T: 999 Reward: -38.795
---------------------------------------
Evaluation over 10 episodes: -0.172
---------------------------------------
Total T: 375518 Episode Num: 376 Episode T: 999 Reward: -37.193
Total T: 376517 Episode Num: 377 Episode T: 999 Reward: -36.625
Total T: 377516 Episode Num: 378 Episode T: 999 Reward: -37.826
Total T: 378515 Episode Num: 379 Episode T: 999 Reward: -36.004
Total T: 379514 Episode Num: 380 Episode T: 999 Reward: -36.525
---------------------------------------
Evaluation over 10 episodes: -0.447
---------------------------------------
Total T: 380513 Episode Num: 381 Episode T: 999 Reward: -37.851
Total T: 381512 Episode Num: 382 Episode T: 999 Reward: -36.485
Total T: 382511 Episode Num: 383 Episode T: 999 Reward: -36.192
Total T: 383510 Episode Num: 384 Episode T: 999 Reward: -36.388
Total T: 384509 Episode Num: 385 Episode T: 999 Reward: -35.891
---------------------------------------
Evaluation over 10 episodes: -0.615
---------------------------------------
Total T: 385508 Episode Num: 386 Episode T: 999 Reward: -36.492
Total T: 386507 Episode Num: 387 Episode T: 999 Reward: -35.594
Total T: 387506 Episode Num: 388 Episode T: 999 Reward: -37.265
Total T: 388505 Episode Num: 389 Episode T: 999 Reward: -37.358
Total T: 389504 Episode Num: 390 Episode T: 999 Reward: -36.659
---------------------------------------
Evaluation over 10 episodes: -0.678
---------------------------------------
Total T: 390503 Episode Num: 391 Episode T: 999 Reward: -35.436
Total T: 391502 Episode Num: 392 Episode T: 999 Reward: -35.850
Total T: 392501 Episode Num: 393 Episode T: 999 Reward: -36.166
Total T: 393500 Episode Num: 394 Episode T: 999 Reward: -38.718
Total T: 394499 Episode Num: 395 Episode T: 999 Reward: -37.257
---------------------------------------
Evaluation over 10 episodes: -0.743
---------------------------------------
Total T: 395498 Episode Num: 396 Episode T: 999 Reward: -35.835
Total T: 396497 Episode Num: 397 Episode T: 999 Reward: -39.322
Total T: 397496 Episode Num: 398 Episode T: 999 Reward: -37.678
Total T: 398495 Episode Num: 399 Episode T: 999 Reward: -34.619
Total T: 399494 Episode Num: 400 Episode T: 999 Reward: -38.483
---------------------------------------
Evaluation over 10 episodes: -0.259
---------------------------------------
Total T: 400493 Episode Num: 401 Episode T: 999 Reward: -37.964
Total T: 401492 Episode Num: 402 Episode T: 999 Reward: -36.054
Total T: 402491 Episode Num: 403 Episode T: 999 Reward: -37.281
Total T: 403490 Episode Num: 404 Episode T: 999 Reward: -37.364
Total T: 404489 Episode Num: 405 Episode T: 999 Reward: -37.293
---------------------------------------
Evaluation over 10 episodes: -0.611
---------------------------------------
Total T: 405488 Episode Num: 406 Episode T: 999 Reward: -37.346
Total T: 406487 Episode Num: 407 Episode T: 999 Reward: -36.163
Total T: 407486 Episode Num: 408 Episode T: 999 Reward: -36.896
Total T: 408485 Episode Num: 409 Episode T: 999 Reward: -37.993
Total T: 409484 Episode Num: 410 Episode T: 999 Reward: -35.728
---------------------------------------
Evaluation over 10 episodes: -0.719
---------------------------------------
Total T: 410483 Episode Num: 411 Episode T: 999 Reward: -37.243
Total T: 411482 Episode Num: 412 Episode T: 999 Reward: -39.078
Total T: 412481 Episode Num: 413 Episode T: 999 Reward: -37.325
Total T: 413480 Episode Num: 414 Episode T: 999 Reward: -36.762
Total T: 414479 Episode Num: 415 Episode T: 999 Reward: -41.064
---------------------------------------
Evaluation over 10 episodes: -0.802
---------------------------------------
Total T: 415478 Episode Num: 416 Episode T: 999 Reward: -39.313
Total T: 416477 Episode Num: 417 Episode T: 999 Reward: -37.877
Total T: 417476 Episode Num: 418 Episode T: 999 Reward: -35.941
Total T: 418475 Episode Num: 419 Episode T: 999 Reward: -38.952
Total T: 419474 Episode Num: 420 Episode T: 999 Reward: -37.348
---------------------------------------
Evaluation over 10 episodes: -0.813
---------------------------------------
Total T: 420473 Episode Num: 421 Episode T: 999 Reward: -38.282
Total T: 421472 Episode Num: 422 Episode T: 999 Reward: -36.573
Total T: 422471 Episode Num: 423 Episode T: 999 Reward: -36.560
Total T: 423470 Episode Num: 424 Episode T: 999 Reward: -37.737
Total T: 424469 Episode Num: 425 Episode T: 999 Reward: -35.436
---------------------------------------
Evaluation over 10 episodes: -0.849
---------------------------------------
Total T: 425468 Episode Num: 426 Episode T: 999 Reward: -38.862
Total T: 426467 Episode Num: 427 Episode T: 999 Reward: -36.241
Total T: 427466 Episode Num: 428 Episode T: 999 Reward: -37.590
Total T: 428465 Episode Num: 429 Episode T: 999 Reward: -37.811
Total T: 429464 Episode Num: 430 Episode T: 999 Reward: -37.815
---------------------------------------
Evaluation over 10 episodes: -0.975
---------------------------------------
Total T: 430463 Episode Num: 431 Episode T: 999 Reward: -35.221
Total T: 431462 Episode Num: 432 Episode T: 999 Reward: -35.694
Total T: 432461 Episode Num: 433 Episode T: 999 Reward: -37.818
Total T: 433460 Episode Num: 434 Episode T: 999 Reward: -34.858
Total T: 434459 Episode Num: 435 Episode T: 999 Reward: -38.613
---------------------------------------
Evaluation over 10 episodes: -1.006
---------------------------------------
Total T: 435458 Episode Num: 436 Episode T: 999 Reward: -36.657
Total T: 436457 Episode Num: 437 Episode T: 999 Reward: -36.577
Total T: 437456 Episode Num: 438 Episode T: 999 Reward: -38.013
Total T: 438455 Episode Num: 439 Episode T: 999 Reward: -37.380
Total T: 439454 Episode Num: 440 Episode T: 999 Reward: -35.795
---------------------------------------
Evaluation over 10 episodes: -0.993
---------------------------------------
Total T: 440453 Episode Num: 441 Episode T: 999 Reward: -37.371
Total T: 441452 Episode Num: 442 Episode T: 999 Reward: -37.551
Total T: 442451 Episode Num: 443 Episode T: 999 Reward: -37.743
Total T: 443450 Episode Num: 444 Episode T: 999 Reward: -38.947
Total T: 444449 Episode Num: 445 Episode T: 999 Reward: -36.148
---------------------------------------
Evaluation over 10 episodes: -0.986
---------------------------------------
Total T: 445448 Episode Num: 446 Episode T: 999 Reward: -36.987
Total T: 446447 Episode Num: 447 Episode T: 999 Reward: -36.550
Total T: 447446 Episode Num: 448 Episode T: 999 Reward: -36.766
Total T: 448445 Episode Num: 449 Episode T: 999 Reward: -38.394
Total T: 449444 Episode Num: 450 Episode T: 999 Reward: -36.411
---------------------------------------
Evaluation over 10 episodes: -0.817
---------------------------------------
Total T: 450443 Episode Num: 451 Episode T: 999 Reward: -38.014
Total T: 451442 Episode Num: 452 Episode T: 999 Reward: -37.986
Total T: 452441 Episode Num: 453 Episode T: 999 Reward: -36.771
Total T: 453440 Episode Num: 454 Episode T: 999 Reward: -36.458
Total T: 454439 Episode Num: 455 Episode T: 999 Reward: -34.922
---------------------------------------
Evaluation over 10 episodes: -0.653
---------------------------------------
Total T: 455438 Episode Num: 456 Episode T: 999 Reward: -37.277
Total T: 456437 Episode Num: 457 Episode T: 999 Reward: -34.244
Total T: 457436 Episode Num: 458 Episode T: 999 Reward: -37.299
Total T: 458435 Episode Num: 459 Episode T: 999 Reward: -36.527
Total T: 459434 Episode Num: 460 Episode T: 999 Reward: -37.167
---------------------------------------
Evaluation over 10 episodes: -0.806
---------------------------------------
Total T: 460433 Episode Num: 461 Episode T: 999 Reward: -39.225
Total T: 461432 Episode Num: 462 Episode T: 999 Reward: -38.767
Total T: 462431 Episode Num: 463 Episode T: 999 Reward: -37.163
Total T: 463430 Episode Num: 464 Episode T: 999 Reward: -37.154
Total T: 464429 Episode Num: 465 Episode T: 999 Reward: -36.687
---------------------------------------
Evaluation over 10 episodes: -0.897
---------------------------------------
Total T: 465428 Episode Num: 466 Episode T: 999 Reward: -36.810
Total T: 466427 Episode Num: 467 Episode T: 999 Reward: -35.567
Total T: 467426 Episode Num: 468 Episode T: 999 Reward: -39.455
Total T: 468425 Episode Num: 469 Episode T: 999 Reward: -36.561
Total T: 469424 Episode Num: 470 Episode T: 999 Reward: -37.443
---------------------------------------
Evaluation over 10 episodes: -0.733
---------------------------------------
Total T: 470423 Episode Num: 471 Episode T: 999 Reward: -37.931
Total T: 471422 Episode Num: 472 Episode T: 999 Reward: -37.951
Total T: 472421 Episode Num: 473 Episode T: 999 Reward: -38.183
Total T: 473420 Episode Num: 474 Episode T: 999 Reward: -36.420
Total T: 474419 Episode Num: 475 Episode T: 999 Reward: -36.507
---------------------------------------
Evaluation over 10 episodes: -0.896
---------------------------------------
Total T: 475418 Episode Num: 476 Episode T: 999 Reward: -35.034
Total T: 476417 Episode Num: 477 Episode T: 999 Reward: -35.628
Total T: 477416 Episode Num: 478 Episode T: 999 Reward: -36.531
Total T: 478415 Episode Num: 479 Episode T: 999 Reward: -35.649
Total T: 479414 Episode Num: 480 Episode T: 999 Reward: -37.943
---------------------------------------
Evaluation over 10 episodes: -0.807
---------------------------------------
Total T: 480413 Episode Num: 481 Episode T: 999 Reward: -37.525
Total T: 481412 Episode Num: 482 Episode T: 999 Reward: -34.657
Total T: 482411 Episode Num: 483 Episode T: 999 Reward: -36.077
Total T: 483410 Episode Num: 484 Episode T: 999 Reward: -38.090
Total T: 484409 Episode Num: 485 Episode T: 999 Reward: -37.091
---------------------------------------
Evaluation over 10 episodes: -1.005
---------------------------------------
Total T: 485408 Episode Num: 486 Episode T: 999 Reward: -39.015
Total T: 486407 Episode Num: 487 Episode T: 999 Reward: -38.847
Total T: 487406 Episode Num: 488 Episode T: 999 Reward: -37.449
Total T: 488405 Episode Num: 489 Episode T: 999 Reward: -38.863
Total T: 489404 Episode Num: 490 Episode T: 999 Reward: -36.925
---------------------------------------
Evaluation over 10 episodes: -0.812
---------------------------------------
Total T: 490403 Episode Num: 491 Episode T: 999 Reward: -38.024
Total T: 491402 Episode Num: 492 Episode T: 999 Reward: -37.674
Total T: 492401 Episode Num: 493 Episode T: 999 Reward: -38.237
Total T: 493400 Episode Num: 494 Episode T: 999 Reward: -37.803
Total T: 494399 Episode Num: 495 Episode T: 999 Reward: -37.196
---------------------------------------
Evaluation over 10 episodes: -1.396
---------------------------------------
Total T: 495398 Episode Num: 496 Episode T: 999 Reward: -38.108
Total T: 496397 Episode Num: 497 Episode T: 999 Reward: -38.694
Total T: 497396 Episode Num: 498 Episode T: 999 Reward: -37.597
Total T: 498395 Episode Num: 499 Episode T: 999 Reward: -36.289
Total T: 499394 Episode Num: 500 Episode T: 999 Reward: -37.007
---------------------------------------
Evaluation over 10 episodes: -1.557
---------------------------------------
