---------------------------------------
Policy: TD3, Env: MountainCarContinuous-v0, Seed: 1
---------------------------------------
---------------------------------------
Evaluation over 10 episodes: -1.003
---------------------------------------
Total T: 999 Episode Num: 1 Episode T: 999 Reward: -33.524
Total T: 1998 Episode Num: 2 Episode T: 999 Reward: -32.330
Total T: 2997 Episode Num: 3 Episode T: 999 Reward: -34.445
Total T: 3996 Episode Num: 4 Episode T: 999 Reward: -34.107
Total T: 4995 Episode Num: 5 Episode T: 999 Reward: -32.482
---------------------------------------
Evaluation over 10 episodes: -1.003
---------------------------------------
Total T: 5994 Episode Num: 6 Episode T: 999 Reward: -33.744
Total T: 6993 Episode Num: 7 Episode T: 999 Reward: -33.800
Total T: 7992 Episode Num: 8 Episode T: 999 Reward: -33.494
Total T: 8991 Episode Num: 9 Episode T: 999 Reward: -32.961
Total T: 9990 Episode Num: 10 Episode T: 999 Reward: -34.571
---------------------------------------
Evaluation over 10 episodes: -1.003
---------------------------------------
Total T: 10989 Episode Num: 11 Episode T: 999 Reward: -32.007
Total T: 11988 Episode Num: 12 Episode T: 999 Reward: -32.866
Total T: 12987 Episode Num: 13 Episode T: 999 Reward: -34.577
Total T: 13986 Episode Num: 14 Episode T: 999 Reward: -34.035
Total T: 14985 Episode Num: 15 Episode T: 999 Reward: -32.370
---------------------------------------
Evaluation over 10 episodes: -1.003
---------------------------------------
Total T: 15984 Episode Num: 16 Episode T: 999 Reward: -32.973
Total T: 16983 Episode Num: 17 Episode T: 999 Reward: -34.337
Total T: 17982 Episode Num: 18 Episode T: 999 Reward: -34.831
Total T: 18981 Episode Num: 19 Episode T: 999 Reward: -33.678
Total T: 19980 Episode Num: 20 Episode T: 999 Reward: -33.376
---------------------------------------
Evaluation over 10 episodes: -1.003
---------------------------------------
Total T: 20979 Episode Num: 21 Episode T: 999 Reward: -31.678
Total T: 21978 Episode Num: 22 Episode T: 999 Reward: -33.649
Total T: 22977 Episode Num: 23 Episode T: 999 Reward: -31.482
Total T: 23976 Episode Num: 24 Episode T: 999 Reward: -33.649
Total T: 24975 Episode Num: 25 Episode T: 999 Reward: -30.787
---------------------------------------
Evaluation over 10 episodes: -1.003
---------------------------------------
Total T: 25974 Episode Num: 26 Episode T: 999 Reward: -22.746
Total T: 26973 Episode Num: 27 Episode T: 999 Reward: -22.271
Total T: 27972 Episode Num: 28 Episode T: 999 Reward: -24.503
Total T: 28971 Episode Num: 29 Episode T: 999 Reward: -21.517
Total T: 29970 Episode Num: 30 Episode T: 999 Reward: -24.105
---------------------------------------
Evaluation over 10 episodes: -0.084
---------------------------------------
Total T: 30969 Episode Num: 31 Episode T: 999 Reward: -22.995
Total T: 31968 Episode Num: 32 Episode T: 999 Reward: -24.218
Total T: 32967 Episode Num: 33 Episode T: 999 Reward: -23.089
Total T: 33966 Episode Num: 34 Episode T: 999 Reward: -23.117
Total T: 34965 Episode Num: 35 Episode T: 999 Reward: -22.950
---------------------------------------
Evaluation over 10 episodes: -0.186
---------------------------------------
Total T: 35964 Episode Num: 36 Episode T: 999 Reward: -24.249
Total T: 36963 Episode Num: 37 Episode T: 999 Reward: -22.189
Total T: 37962 Episode Num: 38 Episode T: 999 Reward: -22.601
Total T: 38961 Episode Num: 39 Episode T: 999 Reward: -21.190
Total T: 39960 Episode Num: 40 Episode T: 999 Reward: -22.950
---------------------------------------
Evaluation over 10 episodes: -0.052
---------------------------------------
Total T: 40959 Episode Num: 41 Episode T: 999 Reward: -22.243
Total T: 41958 Episode Num: 42 Episode T: 999 Reward: -23.531
Total T: 42957 Episode Num: 43 Episode T: 999 Reward: -22.110
Total T: 43956 Episode Num: 44 Episode T: 999 Reward: -23.420
Total T: 44955 Episode Num: 45 Episode T: 999 Reward: -23.071
---------------------------------------
Evaluation over 10 episodes: -0.084
---------------------------------------
Total T: 45954 Episode Num: 46 Episode T: 999 Reward: -24.460
Total T: 46953 Episode Num: 47 Episode T: 999 Reward: -23.527
Total T: 47952 Episode Num: 48 Episode T: 999 Reward: -23.924
Total T: 48951 Episode Num: 49 Episode T: 999 Reward: -21.995
Total T: 49950 Episode Num: 50 Episode T: 999 Reward: -23.844
---------------------------------------
Evaluation over 10 episodes: -0.048
---------------------------------------
Total T: 50949 Episode Num: 51 Episode T: 999 Reward: -23.298
Total T: 51948 Episode Num: 52 Episode T: 999 Reward: -22.778
Total T: 52947 Episode Num: 53 Episode T: 999 Reward: -22.514
Total T: 53946 Episode Num: 54 Episode T: 999 Reward: -23.454
Total T: 54945 Episode Num: 55 Episode T: 999 Reward: -23.468
---------------------------------------
Evaluation over 10 episodes: -0.021
---------------------------------------
Total T: 55944 Episode Num: 56 Episode T: 999 Reward: -23.764
Total T: 56943 Episode Num: 57 Episode T: 999 Reward: -22.694
Total T: 57942 Episode Num: 58 Episode T: 999 Reward: -23.685
Total T: 58941 Episode Num: 59 Episode T: 999 Reward: -23.535
Total T: 59940 Episode Num: 60 Episode T: 999 Reward: -22.683
---------------------------------------
Evaluation over 10 episodes: -0.019
---------------------------------------
Total T: 60939 Episode Num: 61 Episode T: 999 Reward: -22.885
Total T: 61938 Episode Num: 62 Episode T: 999 Reward: -23.127
Total T: 62937 Episode Num: 63 Episode T: 999 Reward: -23.547
Total T: 63936 Episode Num: 64 Episode T: 999 Reward: -23.221
Total T: 64935 Episode Num: 65 Episode T: 999 Reward: -22.975
---------------------------------------
Evaluation over 10 episodes: -0.004
---------------------------------------
Total T: 65934 Episode Num: 66 Episode T: 999 Reward: -22.516
Total T: 66933 Episode Num: 67 Episode T: 999 Reward: -22.827
Total T: 67932 Episode Num: 68 Episode T: 999 Reward: -24.502
Total T: 68931 Episode Num: 69 Episode T: 999 Reward: -22.868
Total T: 69930 Episode Num: 70 Episode T: 999 Reward: -23.407
---------------------------------------
Evaluation over 10 episodes: -0.035
---------------------------------------
Total T: 70929 Episode Num: 71 Episode T: 999 Reward: -22.934
Total T: 71928 Episode Num: 72 Episode T: 999 Reward: -23.516
Total T: 72927 Episode Num: 73 Episode T: 999 Reward: -23.978
Total T: 73926 Episode Num: 74 Episode T: 999 Reward: -23.189
Total T: 74925 Episode Num: 75 Episode T: 999 Reward: -24.592
---------------------------------------
Evaluation over 10 episodes: -0.028
---------------------------------------
Total T: 75924 Episode Num: 76 Episode T: 999 Reward: -24.838
Total T: 76923 Episode Num: 77 Episode T: 999 Reward: -23.311
Total T: 77922 Episode Num: 78 Episode T: 999 Reward: -22.924
Total T: 78921 Episode Num: 79 Episode T: 999 Reward: -21.933
Total T: 79920 Episode Num: 80 Episode T: 999 Reward: -24.332
---------------------------------------
Evaluation over 10 episodes: -0.027
---------------------------------------
Total T: 80919 Episode Num: 81 Episode T: 999 Reward: -22.605
Total T: 81918 Episode Num: 82 Episode T: 999 Reward: -23.852
Total T: 82917 Episode Num: 83 Episode T: 999 Reward: -23.045
Total T: 83916 Episode Num: 84 Episode T: 999 Reward: -23.283
Total T: 84915 Episode Num: 85 Episode T: 999 Reward: -22.988
---------------------------------------
Evaluation over 10 episodes: -0.022
---------------------------------------
Total T: 85914 Episode Num: 86 Episode T: 999 Reward: -22.596
Total T: 86913 Episode Num: 87 Episode T: 999 Reward: -23.095
Total T: 87912 Episode Num: 88 Episode T: 999 Reward: -22.851
Total T: 88911 Episode Num: 89 Episode T: 999 Reward: -23.235
Total T: 89910 Episode Num: 90 Episode T: 999 Reward: -21.381
---------------------------------------
Evaluation over 10 episodes: -0.020
---------------------------------------
Total T: 90909 Episode Num: 91 Episode T: 999 Reward: -22.751
Total T: 91908 Episode Num: 92 Episode T: 999 Reward: -22.899
Total T: 92907 Episode Num: 93 Episode T: 999 Reward: -23.268
Total T: 93906 Episode Num: 94 Episode T: 999 Reward: -23.562
Total T: 94905 Episode Num: 95 Episode T: 999 Reward: -22.854
---------------------------------------
Evaluation over 10 episodes: -0.020
---------------------------------------
Total T: 95904 Episode Num: 96 Episode T: 999 Reward: -22.453
Total T: 96903 Episode Num: 97 Episode T: 999 Reward: -23.261
Total T: 97902 Episode Num: 98 Episode T: 999 Reward: -23.252
Total T: 98901 Episode Num: 99 Episode T: 999 Reward: -23.361
Total T: 99900 Episode Num: 100 Episode T: 999 Reward: -23.737
---------------------------------------
Evaluation over 10 episodes: -0.036
---------------------------------------
Total T: 100899 Episode Num: 101 Episode T: 999 Reward: -22.868
Total T: 101898 Episode Num: 102 Episode T: 999 Reward: -23.035
Total T: 102897 Episode Num: 103 Episode T: 999 Reward: -24.464
Total T: 103896 Episode Num: 104 Episode T: 999 Reward: -22.306
Total T: 104895 Episode Num: 105 Episode T: 999 Reward: -22.078
---------------------------------------
Evaluation over 10 episodes: -0.021
---------------------------------------
Total T: 105894 Episode Num: 106 Episode T: 999 Reward: -22.900
Total T: 106893 Episode Num: 107 Episode T: 999 Reward: -21.344
Total T: 107892 Episode Num: 108 Episode T: 999 Reward: -24.150
Total T: 108891 Episode Num: 109 Episode T: 999 Reward: -22.170
Total T: 109890 Episode Num: 110 Episode T: 999 Reward: -22.973
---------------------------------------
Evaluation over 10 episodes: -0.016
---------------------------------------
Total T: 110889 Episode Num: 111 Episode T: 999 Reward: -21.578
Total T: 111888 Episode Num: 112 Episode T: 999 Reward: -21.753
Total T: 112887 Episode Num: 113 Episode T: 999 Reward: -23.434
Total T: 113886 Episode Num: 114 Episode T: 999 Reward: -22.247
Total T: 114885 Episode Num: 115 Episode T: 999 Reward: -23.751
---------------------------------------
Evaluation over 10 episodes: -0.031
---------------------------------------
Total T: 115884 Episode Num: 116 Episode T: 999 Reward: -22.156
Total T: 116883 Episode Num: 117 Episode T: 999 Reward: -21.939
Total T: 117882 Episode Num: 118 Episode T: 999 Reward: -22.142
Total T: 118881 Episode Num: 119 Episode T: 999 Reward: -24.705
Total T: 119880 Episode Num: 120 Episode T: 999 Reward: -23.385
---------------------------------------
Evaluation over 10 episodes: -0.027
---------------------------------------
Total T: 120879 Episode Num: 121 Episode T: 999 Reward: -21.542
Total T: 121878 Episode Num: 122 Episode T: 999 Reward: -22.069
Total T: 122877 Episode Num: 123 Episode T: 999 Reward: -22.726
Total T: 123876 Episode Num: 124 Episode T: 999 Reward: -23.362
Total T: 124875 Episode Num: 125 Episode T: 999 Reward: -23.494
---------------------------------------
Evaluation over 10 episodes: -0.022
---------------------------------------
Total T: 125874 Episode Num: 126 Episode T: 999 Reward: -23.004
Total T: 126873 Episode Num: 127 Episode T: 999 Reward: -23.689
Total T: 127872 Episode Num: 128 Episode T: 999 Reward: -24.348
Total T: 128871 Episode Num: 129 Episode T: 999 Reward: -23.907
Total T: 129870 Episode Num: 130 Episode T: 999 Reward: -23.246
---------------------------------------
Evaluation over 10 episodes: -0.032
---------------------------------------
Total T: 130869 Episode Num: 131 Episode T: 999 Reward: -23.727
Total T: 131868 Episode Num: 132 Episode T: 999 Reward: -22.047
Total T: 132867 Episode Num: 133 Episode T: 999 Reward: -22.196
Total T: 133866 Episode Num: 134 Episode T: 999 Reward: -24.467
Total T: 134865 Episode Num: 135 Episode T: 999 Reward: -22.581
---------------------------------------
Evaluation over 10 episodes: -0.038
---------------------------------------
Total T: 135864 Episode Num: 136 Episode T: 999 Reward: -22.650
Total T: 136863 Episode Num: 137 Episode T: 999 Reward: -22.956
Total T: 137862 Episode Num: 138 Episode T: 999 Reward: -21.091
Total T: 138861 Episode Num: 139 Episode T: 999 Reward: -24.799
Total T: 139860 Episode Num: 140 Episode T: 999 Reward: -21.567
---------------------------------------
Evaluation over 10 episodes: -0.021
---------------------------------------
Total T: 140859 Episode Num: 141 Episode T: 999 Reward: -22.970
Total T: 141858 Episode Num: 142 Episode T: 999 Reward: -25.642
Total T: 142857 Episode Num: 143 Episode T: 999 Reward: -23.146
Total T: 143856 Episode Num: 144 Episode T: 999 Reward: -23.225
Total T: 144855 Episode Num: 145 Episode T: 999 Reward: -22.883
---------------------------------------
Evaluation over 10 episodes: -0.030
---------------------------------------
Total T: 145854 Episode Num: 146 Episode T: 999 Reward: -22.910
Total T: 146853 Episode Num: 147 Episode T: 999 Reward: -23.564
Total T: 147852 Episode Num: 148 Episode T: 999 Reward: -23.191
Total T: 148851 Episode Num: 149 Episode T: 999 Reward: -22.371
Total T: 149850 Episode Num: 150 Episode T: 999 Reward: -22.675
---------------------------------------
Evaluation over 10 episodes: -0.037
---------------------------------------
Total T: 150849 Episode Num: 151 Episode T: 999 Reward: -23.776
Total T: 151848 Episode Num: 152 Episode T: 999 Reward: -23.091
Total T: 152847 Episode Num: 153 Episode T: 999 Reward: -23.425
Total T: 153846 Episode Num: 154 Episode T: 999 Reward: -22.885
Total T: 154845 Episode Num: 155 Episode T: 999 Reward: -23.272
---------------------------------------
Evaluation over 10 episodes: -0.043
---------------------------------------
Total T: 155844 Episode Num: 156 Episode T: 999 Reward: -22.245
Total T: 156843 Episode Num: 157 Episode T: 999 Reward: -22.884
Total T: 157842 Episode Num: 158 Episode T: 999 Reward: -25.048
Total T: 158841 Episode Num: 159 Episode T: 999 Reward: -23.488
Total T: 159840 Episode Num: 160 Episode T: 999 Reward: -24.229
---------------------------------------
Evaluation over 10 episodes: -0.055
---------------------------------------
Total T: 160839 Episode Num: 161 Episode T: 999 Reward: -22.286
Total T: 161838 Episode Num: 162 Episode T: 999 Reward: -23.504
Total T: 162837 Episode Num: 163 Episode T: 999 Reward: -22.988
Total T: 163836 Episode Num: 164 Episode T: 999 Reward: -23.657
Total T: 164835 Episode Num: 165 Episode T: 999 Reward: -22.627
---------------------------------------
Evaluation over 10 episodes: -0.035
---------------------------------------
Total T: 165834 Episode Num: 166 Episode T: 999 Reward: -22.697
Total T: 166833 Episode Num: 167 Episode T: 999 Reward: -23.012
Total T: 167832 Episode Num: 168 Episode T: 999 Reward: -23.737
Total T: 168831 Episode Num: 169 Episode T: 999 Reward: -23.318
Total T: 169830 Episode Num: 170 Episode T: 999 Reward: -24.641
---------------------------------------
Evaluation over 10 episodes: -0.042
---------------------------------------
Total T: 170829 Episode Num: 171 Episode T: 999 Reward: -24.260
Total T: 171828 Episode Num: 172 Episode T: 999 Reward: -23.528
Total T: 172827 Episode Num: 173 Episode T: 999 Reward: -23.613
Total T: 173826 Episode Num: 174 Episode T: 999 Reward: -24.447
Total T: 174825 Episode Num: 175 Episode T: 999 Reward: -20.811
---------------------------------------
Evaluation over 10 episodes: -0.051
---------------------------------------
Total T: 175824 Episode Num: 176 Episode T: 999 Reward: -24.317
Total T: 176823 Episode Num: 177 Episode T: 999 Reward: -23.455
Total T: 177822 Episode Num: 178 Episode T: 999 Reward: -22.828
Total T: 178821 Episode Num: 179 Episode T: 999 Reward: -25.667
Total T: 179820 Episode Num: 180 Episode T: 999 Reward: -23.216
---------------------------------------
Evaluation over 10 episodes: -0.062
---------------------------------------
Total T: 180819 Episode Num: 181 Episode T: 999 Reward: -25.024
Total T: 181818 Episode Num: 182 Episode T: 999 Reward: -23.805
Total T: 182817 Episode Num: 183 Episode T: 999 Reward: -22.252
Total T: 183816 Episode Num: 184 Episode T: 999 Reward: -21.090
Total T: 184815 Episode Num: 185 Episode T: 999 Reward: -21.492
---------------------------------------
Evaluation over 10 episodes: -0.080
---------------------------------------
Total T: 185814 Episode Num: 186 Episode T: 999 Reward: -24.293
Total T: 186813 Episode Num: 187 Episode T: 999 Reward: -21.847
Total T: 187812 Episode Num: 188 Episode T: 999 Reward: -24.282
Total T: 188811 Episode Num: 189 Episode T: 999 Reward: -24.557
Total T: 189810 Episode Num: 190 Episode T: 999 Reward: -22.130
---------------------------------------
Evaluation over 10 episodes: -0.060
---------------------------------------
Total T: 190809 Episode Num: 191 Episode T: 999 Reward: -24.390
Total T: 191808 Episode Num: 192 Episode T: 999 Reward: -24.192
Total T: 192807 Episode Num: 193 Episode T: 999 Reward: -21.173
Total T: 193806 Episode Num: 194 Episode T: 999 Reward: -23.005
Total T: 194805 Episode Num: 195 Episode T: 999 Reward: -23.280
---------------------------------------
Evaluation over 10 episodes: -0.074
---------------------------------------
Total T: 195804 Episode Num: 196 Episode T: 999 Reward: -24.847
Total T: 196803 Episode Num: 197 Episode T: 999 Reward: -23.735
Total T: 197802 Episode Num: 198 Episode T: 999 Reward: -22.472
Total T: 198801 Episode Num: 199 Episode T: 999 Reward: -22.912
Total T: 199800 Episode Num: 200 Episode T: 999 Reward: -22.526
---------------------------------------
Evaluation over 10 episodes: -0.073
---------------------------------------
Total T: 200799 Episode Num: 201 Episode T: 999 Reward: -23.593
Total T: 201798 Episode Num: 202 Episode T: 999 Reward: -23.460
Total T: 202797 Episode Num: 203 Episode T: 999 Reward: -22.984
Total T: 203796 Episode Num: 204 Episode T: 999 Reward: -21.784
Total T: 204795 Episode Num: 205 Episode T: 999 Reward: -21.535
---------------------------------------
Evaluation over 10 episodes: -0.074
---------------------------------------
Total T: 205794 Episode Num: 206 Episode T: 999 Reward: -24.322
Total T: 206793 Episode Num: 207 Episode T: 999 Reward: -22.634
Total T: 207792 Episode Num: 208 Episode T: 999 Reward: -22.110
Total T: 208791 Episode Num: 209 Episode T: 999 Reward: -22.131
Total T: 209790 Episode Num: 210 Episode T: 999 Reward: -24.261
---------------------------------------
Evaluation over 10 episodes: -0.063
---------------------------------------
Total T: 210789 Episode Num: 211 Episode T: 999 Reward: -23.704
Total T: 211788 Episode Num: 212 Episode T: 999 Reward: -22.397
Total T: 212787 Episode Num: 213 Episode T: 999 Reward: -22.899
Total T: 213786 Episode Num: 214 Episode T: 999 Reward: -22.198
Total T: 214785 Episode Num: 215 Episode T: 999 Reward: -22.925
---------------------------------------
Evaluation over 10 episodes: -0.058
---------------------------------------
Total T: 215784 Episode Num: 216 Episode T: 999 Reward: -23.745
Total T: 216783 Episode Num: 217 Episode T: 999 Reward: -23.410
Total T: 217782 Episode Num: 218 Episode T: 999 Reward: -22.886
Total T: 218781 Episode Num: 219 Episode T: 999 Reward: -22.964
Total T: 219780 Episode Num: 220 Episode T: 999 Reward: -23.151
---------------------------------------
Evaluation over 10 episodes: -0.053
---------------------------------------
Total T: 220779 Episode Num: 221 Episode T: 999 Reward: -23.467
Total T: 221778 Episode Num: 222 Episode T: 999 Reward: -22.449
Total T: 222777 Episode Num: 223 Episode T: 999 Reward: -23.103
Total T: 223776 Episode Num: 224 Episode T: 999 Reward: -24.059
Total T: 224775 Episode Num: 225 Episode T: 999 Reward: -21.852
---------------------------------------
Evaluation over 10 episodes: -0.089
---------------------------------------
Total T: 225774 Episode Num: 226 Episode T: 999 Reward: -25.027
Total T: 226773 Episode Num: 227 Episode T: 999 Reward: -23.109
Total T: 227772 Episode Num: 228 Episode T: 999 Reward: -23.569
Total T: 228771 Episode Num: 229 Episode T: 999 Reward: -22.921
Total T: 229770 Episode Num: 230 Episode T: 999 Reward: -24.700
---------------------------------------
Evaluation over 10 episodes: -0.074
---------------------------------------
Total T: 230769 Episode Num: 231 Episode T: 999 Reward: -24.480
Total T: 231768 Episode Num: 232 Episode T: 999 Reward: -24.293
Total T: 232767 Episode Num: 233 Episode T: 999 Reward: -22.729
Total T: 233766 Episode Num: 234 Episode T: 999 Reward: -22.621
Total T: 234765 Episode Num: 235 Episode T: 999 Reward: -24.450
---------------------------------------
Evaluation over 10 episodes: -0.064
---------------------------------------
Total T: 235764 Episode Num: 236 Episode T: 999 Reward: -21.846
Total T: 236763 Episode Num: 237 Episode T: 999 Reward: -22.293
Total T: 237762 Episode Num: 238 Episode T: 999 Reward: -23.382
Total T: 238761 Episode Num: 239 Episode T: 999 Reward: -24.387
Total T: 239760 Episode Num: 240 Episode T: 999 Reward: -23.515
---------------------------------------
Evaluation over 10 episodes: -0.077
---------------------------------------
Total T: 240759 Episode Num: 241 Episode T: 999 Reward: -24.236
Total T: 241758 Episode Num: 242 Episode T: 999 Reward: -22.605
Total T: 242757 Episode Num: 243 Episode T: 999 Reward: -22.761
Total T: 243756 Episode Num: 244 Episode T: 999 Reward: -20.521
Total T: 244755 Episode Num: 245 Episode T: 999 Reward: -22.280
---------------------------------------
Evaluation over 10 episodes: -0.063
---------------------------------------
Total T: 245754 Episode Num: 246 Episode T: 999 Reward: -24.146
Total T: 246753 Episode Num: 247 Episode T: 999 Reward: -23.129
Total T: 247752 Episode Num: 248 Episode T: 999 Reward: -23.697
Total T: 248751 Episode Num: 249 Episode T: 999 Reward: -22.976
Total T: 249750 Episode Num: 250 Episode T: 999 Reward: -22.218
---------------------------------------
Evaluation over 10 episodes: -0.049
---------------------------------------
Total T: 250749 Episode Num: 251 Episode T: 999 Reward: -23.039
Total T: 251748 Episode Num: 252 Episode T: 999 Reward: -24.092
Total T: 252747 Episode Num: 253 Episode T: 999 Reward: -23.027
Total T: 253746 Episode Num: 254 Episode T: 999 Reward: -22.664
Total T: 254745 Episode Num: 255 Episode T: 999 Reward: -21.642
---------------------------------------
Evaluation over 10 episodes: -0.054
---------------------------------------
Total T: 255744 Episode Num: 256 Episode T: 999 Reward: -23.700
Total T: 256743 Episode Num: 257 Episode T: 999 Reward: -21.916
Total T: 257742 Episode Num: 258 Episode T: 999 Reward: -24.046
Total T: 258741 Episode Num: 259 Episode T: 999 Reward: -23.019
Total T: 259740 Episode Num: 260 Episode T: 999 Reward: -24.301
---------------------------------------
Evaluation over 10 episodes: -0.033
---------------------------------------
Total T: 260739 Episode Num: 261 Episode T: 999 Reward: -22.695
Total T: 261738 Episode Num: 262 Episode T: 999 Reward: -22.808
Total T: 262737 Episode Num: 263 Episode T: 999 Reward: -23.206
Total T: 263736 Episode Num: 264 Episode T: 999 Reward: -22.414
Total T: 264735 Episode Num: 265 Episode T: 999 Reward: -22.180
---------------------------------------
Evaluation over 10 episodes: -0.077
---------------------------------------
Total T: 265734 Episode Num: 266 Episode T: 999 Reward: -23.091
Total T: 266733 Episode Num: 267 Episode T: 999 Reward: -22.362
Total T: 267732 Episode Num: 268 Episode T: 999 Reward: -22.870
Total T: 268731 Episode Num: 269 Episode T: 999 Reward: -23.111
Total T: 269730 Episode Num: 270 Episode T: 999 Reward: -22.897
---------------------------------------
Evaluation over 10 episodes: -0.043
---------------------------------------
Total T: 270729 Episode Num: 271 Episode T: 999 Reward: -24.140
Total T: 271728 Episode Num: 272 Episode T: 999 Reward: -23.566
Total T: 272727 Episode Num: 273 Episode T: 999 Reward: -21.974
Total T: 273726 Episode Num: 274 Episode T: 999 Reward: -23.351
Total T: 274725 Episode Num: 275 Episode T: 999 Reward: -24.312
---------------------------------------
Evaluation over 10 episodes: -0.067
---------------------------------------
Total T: 275724 Episode Num: 276 Episode T: 999 Reward: -23.498
Total T: 276723 Episode Num: 277 Episode T: 999 Reward: -23.294
Total T: 277722 Episode Num: 278 Episode T: 999 Reward: -24.570
Total T: 278721 Episode Num: 279 Episode T: 999 Reward: -22.431
Total T: 279720 Episode Num: 280 Episode T: 999 Reward: -22.432
---------------------------------------
Evaluation over 10 episodes: -0.049
---------------------------------------
Total T: 280719 Episode Num: 281 Episode T: 999 Reward: -24.188
Total T: 281718 Episode Num: 282 Episode T: 999 Reward: -22.668
Total T: 282717 Episode Num: 283 Episode T: 999 Reward: -22.646
Total T: 283716 Episode Num: 284 Episode T: 999 Reward: -22.349
Total T: 284715 Episode Num: 285 Episode T: 999 Reward: -23.671
---------------------------------------
Evaluation over 10 episodes: -0.051
---------------------------------------
Total T: 285714 Episode Num: 286 Episode T: 999 Reward: -23.234
Total T: 286713 Episode Num: 287 Episode T: 999 Reward: -23.997
Total T: 287712 Episode Num: 288 Episode T: 999 Reward: -23.760
Total T: 288711 Episode Num: 289 Episode T: 999 Reward: -22.957
Total T: 289710 Episode Num: 290 Episode T: 999 Reward: -21.878
---------------------------------------
Evaluation over 10 episodes: -0.034
---------------------------------------
Total T: 290709 Episode Num: 291 Episode T: 999 Reward: -22.810
Total T: 291708 Episode Num: 292 Episode T: 999 Reward: -23.925
Total T: 292707 Episode Num: 293 Episode T: 999 Reward: -25.184
Total T: 293706 Episode Num: 294 Episode T: 999 Reward: -24.122
Total T: 294705 Episode Num: 295 Episode T: 999 Reward: -22.966
---------------------------------------
Evaluation over 10 episodes: -0.033
---------------------------------------
Total T: 295704 Episode Num: 296 Episode T: 999 Reward: -23.336
Total T: 296703 Episode Num: 297 Episode T: 999 Reward: -23.664
Total T: 297702 Episode Num: 298 Episode T: 999 Reward: -22.881
Total T: 298701 Episode Num: 299 Episode T: 999 Reward: -21.175
Total T: 299700 Episode Num: 300 Episode T: 999 Reward: -22.566
---------------------------------------
Evaluation over 10 episodes: -0.015
---------------------------------------
Total T: 300699 Episode Num: 301 Episode T: 999 Reward: -23.829
Total T: 301698 Episode Num: 302 Episode T: 999 Reward: -23.510
Total T: 302697 Episode Num: 303 Episode T: 999 Reward: -22.741
Total T: 303696 Episode Num: 304 Episode T: 999 Reward: -22.616
Total T: 304695 Episode Num: 305 Episode T: 999 Reward: -22.708
---------------------------------------
Evaluation over 10 episodes: -0.012
---------------------------------------
Total T: 305694 Episode Num: 306 Episode T: 999 Reward: -22.865
Total T: 306693 Episode Num: 307 Episode T: 999 Reward: -22.601
Total T: 307692 Episode Num: 308 Episode T: 999 Reward: -23.367
Total T: 308691 Episode Num: 309 Episode T: 999 Reward: -23.444
Total T: 309690 Episode Num: 310 Episode T: 999 Reward: -24.270
---------------------------------------
Evaluation over 10 episodes: -0.016
---------------------------------------
Total T: 310689 Episode Num: 311 Episode T: 999 Reward: -22.525
Total T: 311688 Episode Num: 312 Episode T: 999 Reward: -21.870
Total T: 312687 Episode Num: 313 Episode T: 999 Reward: -23.114
Total T: 313686 Episode Num: 314 Episode T: 999 Reward: -24.732
Total T: 314685 Episode Num: 315 Episode T: 999 Reward: -23.383
---------------------------------------
Evaluation over 10 episodes: -0.024
---------------------------------------
Total T: 315684 Episode Num: 316 Episode T: 999 Reward: -22.991
Total T: 316683 Episode Num: 317 Episode T: 999 Reward: -22.729
Total T: 317682 Episode Num: 318 Episode T: 999 Reward: -22.160
Total T: 318681 Episode Num: 319 Episode T: 999 Reward: -22.464
Total T: 319680 Episode Num: 320 Episode T: 999 Reward: -22.284
---------------------------------------
Evaluation over 10 episodes: -0.030
---------------------------------------
Total T: 320679 Episode Num: 321 Episode T: 999 Reward: -23.886
Total T: 321678 Episode Num: 322 Episode T: 999 Reward: -24.588
Total T: 322677 Episode Num: 323 Episode T: 999 Reward: -23.368
Total T: 323676 Episode Num: 324 Episode T: 999 Reward: -23.436
Total T: 324675 Episode Num: 325 Episode T: 999 Reward: -22.416
---------------------------------------
Evaluation over 10 episodes: -0.024
---------------------------------------
Total T: 325674 Episode Num: 326 Episode T: 999 Reward: -23.252
Total T: 326673 Episode Num: 327 Episode T: 999 Reward: -23.259
Total T: 327672 Episode Num: 328 Episode T: 999 Reward: -23.427
Total T: 328671 Episode Num: 329 Episode T: 999 Reward: -23.376
Total T: 329670 Episode Num: 330 Episode T: 999 Reward: -23.506
---------------------------------------
Evaluation over 10 episodes: -0.021
---------------------------------------
Total T: 330669 Episode Num: 331 Episode T: 999 Reward: -22.295
Total T: 331668 Episode Num: 332 Episode T: 999 Reward: -23.053
Total T: 332667 Episode Num: 333 Episode T: 999 Reward: -23.854
Total T: 333666 Episode Num: 334 Episode T: 999 Reward: -25.227
Total T: 334665 Episode Num: 335 Episode T: 999 Reward: -22.312
---------------------------------------
Evaluation over 10 episodes: -0.033
---------------------------------------
Total T: 335664 Episode Num: 336 Episode T: 999 Reward: -25.051
Total T: 336663 Episode Num: 337 Episode T: 999 Reward: -23.853
Total T: 337662 Episode Num: 338 Episode T: 999 Reward: -24.500
Total T: 338661 Episode Num: 339 Episode T: 999 Reward: -21.892
Total T: 339660 Episode Num: 340 Episode T: 999 Reward: -23.309
---------------------------------------
Evaluation over 10 episodes: -0.025
---------------------------------------
Total T: 340659 Episode Num: 341 Episode T: 999 Reward: -22.142
Total T: 341658 Episode Num: 342 Episode T: 999 Reward: -24.130
Total T: 342657 Episode Num: 343 Episode T: 999 Reward: -21.228
Total T: 343656 Episode Num: 344 Episode T: 999 Reward: -24.297
Total T: 344655 Episode Num: 345 Episode T: 999 Reward: -22.202
---------------------------------------
Evaluation over 10 episodes: -0.021
---------------------------------------
Total T: 345654 Episode Num: 346 Episode T: 999 Reward: -24.989
Total T: 346653 Episode Num: 347 Episode T: 999 Reward: -23.747
Total T: 347652 Episode Num: 348 Episode T: 999 Reward: -24.302
Total T: 348651 Episode Num: 349 Episode T: 999 Reward: -23.223
Total T: 349650 Episode Num: 350 Episode T: 999 Reward: -22.104
---------------------------------------
Evaluation over 10 episodes: -0.030
---------------------------------------
Total T: 350649 Episode Num: 351 Episode T: 999 Reward: -24.107
Total T: 351648 Episode Num: 352 Episode T: 999 Reward: -23.652
Total T: 352647 Episode Num: 353 Episode T: 999 Reward: -22.762
Total T: 353646 Episode Num: 354 Episode T: 999 Reward: -23.704
Total T: 354645 Episode Num: 355 Episode T: 999 Reward: -25.626
---------------------------------------
Evaluation over 10 episodes: -0.026
---------------------------------------
Total T: 355644 Episode Num: 356 Episode T: 999 Reward: -23.295
Total T: 356643 Episode Num: 357 Episode T: 999 Reward: -22.534
Total T: 357642 Episode Num: 358 Episode T: 999 Reward: -24.167
Total T: 358641 Episode Num: 359 Episode T: 999 Reward: -22.480
Total T: 359640 Episode Num: 360 Episode T: 999 Reward: -23.888
---------------------------------------
Evaluation over 10 episodes: -0.040
---------------------------------------
Total T: 360639 Episode Num: 361 Episode T: 999 Reward: -23.952
Total T: 361638 Episode Num: 362 Episode T: 999 Reward: -23.539
Total T: 362637 Episode Num: 363 Episode T: 999 Reward: -21.876
Total T: 363636 Episode Num: 364 Episode T: 999 Reward: -23.418
Total T: 364635 Episode Num: 365 Episode T: 999 Reward: -21.461
---------------------------------------
Evaluation over 10 episodes: -0.039
---------------------------------------
Total T: 365634 Episode Num: 366 Episode T: 999 Reward: -23.223
Total T: 366633 Episode Num: 367 Episode T: 999 Reward: -23.592
Total T: 367632 Episode Num: 368 Episode T: 999 Reward: -22.130
Total T: 368631 Episode Num: 369 Episode T: 999 Reward: -23.748
Total T: 369630 Episode Num: 370 Episode T: 999 Reward: -22.316
---------------------------------------
Evaluation over 10 episodes: -0.043
---------------------------------------
Total T: 370629 Episode Num: 371 Episode T: 999 Reward: -22.283
Total T: 371628 Episode Num: 372 Episode T: 999 Reward: -22.700
Total T: 372627 Episode Num: 373 Episode T: 999 Reward: -23.458
Total T: 373626 Episode Num: 374 Episode T: 999 Reward: -22.562
Total T: 374625 Episode Num: 375 Episode T: 999 Reward: -24.420
---------------------------------------
Evaluation over 10 episodes: -0.057
---------------------------------------
Total T: 375624 Episode Num: 376 Episode T: 999 Reward: -23.469
Total T: 376623 Episode Num: 377 Episode T: 999 Reward: -24.240
Total T: 377622 Episode Num: 378 Episode T: 999 Reward: -22.897
Total T: 378621 Episode Num: 379 Episode T: 999 Reward: -23.320
Total T: 379620 Episode Num: 380 Episode T: 999 Reward: -24.882
---------------------------------------
Evaluation over 10 episodes: -0.058
---------------------------------------
Total T: 380619 Episode Num: 381 Episode T: 999 Reward: -23.948
Total T: 381618 Episode Num: 382 Episode T: 999 Reward: -23.058
Total T: 382617 Episode Num: 383 Episode T: 999 Reward: -22.504
Total T: 383616 Episode Num: 384 Episode T: 999 Reward: -23.459
Total T: 384615 Episode Num: 385 Episode T: 999 Reward: -22.483
---------------------------------------
Evaluation over 10 episodes: -0.041
---------------------------------------
Total T: 385614 Episode Num: 386 Episode T: 999 Reward: -22.276
Total T: 386613 Episode Num: 387 Episode T: 999 Reward: -21.977
Total T: 387612 Episode Num: 388 Episode T: 999 Reward: -23.765
Total T: 388611 Episode Num: 389 Episode T: 999 Reward: -22.800
Total T: 389610 Episode Num: 390 Episode T: 999 Reward: -22.651
---------------------------------------
Evaluation over 10 episodes: -0.030
---------------------------------------
Total T: 390609 Episode Num: 391 Episode T: 999 Reward: -21.879
Total T: 391608 Episode Num: 392 Episode T: 999 Reward: -24.570
Total T: 392607 Episode Num: 393 Episode T: 999 Reward: -22.574
Total T: 393606 Episode Num: 394 Episode T: 999 Reward: -24.208
Total T: 394605 Episode Num: 395 Episode T: 999 Reward: -23.511
---------------------------------------
Evaluation over 10 episodes: -0.027
---------------------------------------
Total T: 395604 Episode Num: 396 Episode T: 999 Reward: -20.558
Total T: 396603 Episode Num: 397 Episode T: 999 Reward: -22.023
Total T: 397602 Episode Num: 398 Episode T: 999 Reward: -22.666
Total T: 398601 Episode Num: 399 Episode T: 999 Reward: -23.450
Total T: 399600 Episode Num: 400 Episode T: 999 Reward: -23.464
---------------------------------------
Evaluation over 10 episodes: -0.030
---------------------------------------
Total T: 400599 Episode Num: 401 Episode T: 999 Reward: -23.610
Total T: 401598 Episode Num: 402 Episode T: 999 Reward: -23.099
Total T: 402597 Episode Num: 403 Episode T: 999 Reward: -22.789
Total T: 403596 Episode Num: 404 Episode T: 999 Reward: -21.938
Total T: 404595 Episode Num: 405 Episode T: 999 Reward: -23.666
---------------------------------------
Evaluation over 10 episodes: -0.033
---------------------------------------
Total T: 405594 Episode Num: 406 Episode T: 999 Reward: -24.388
Total T: 406593 Episode Num: 407 Episode T: 999 Reward: -24.442
Total T: 407592 Episode Num: 408 Episode T: 999 Reward: -23.109
Total T: 408591 Episode Num: 409 Episode T: 999 Reward: -23.096
Total T: 409590 Episode Num: 410 Episode T: 999 Reward: -24.355
---------------------------------------
Evaluation over 10 episodes: -0.033
---------------------------------------
Total T: 410589 Episode Num: 411 Episode T: 999 Reward: -22.991
Total T: 411588 Episode Num: 412 Episode T: 999 Reward: -21.842
Total T: 412587 Episode Num: 413 Episode T: 999 Reward: -22.797
Total T: 413586 Episode Num: 414 Episode T: 999 Reward: -22.910
Total T: 414585 Episode Num: 415 Episode T: 999 Reward: -24.904
---------------------------------------
Evaluation over 10 episodes: -0.031
---------------------------------------
Total T: 415584 Episode Num: 416 Episode T: 999 Reward: -22.453
Total T: 416583 Episode Num: 417 Episode T: 999 Reward: -21.966
Total T: 417582 Episode Num: 418 Episode T: 999 Reward: -23.329
Total T: 418581 Episode Num: 419 Episode T: 999 Reward: -22.993
Total T: 419580 Episode Num: 420 Episode T: 999 Reward: -21.730
---------------------------------------
Evaluation over 10 episodes: -0.029
---------------------------------------
Total T: 420579 Episode Num: 421 Episode T: 999 Reward: -21.955
Total T: 421578 Episode Num: 422 Episode T: 999 Reward: -22.940
Total T: 422577 Episode Num: 423 Episode T: 999 Reward: -22.217
Total T: 423576 Episode Num: 424 Episode T: 999 Reward: -24.200
Total T: 424575 Episode Num: 425 Episode T: 999 Reward: -23.907
---------------------------------------
Evaluation over 10 episodes: -0.031
---------------------------------------
Total T: 425574 Episode Num: 426 Episode T: 999 Reward: -22.218
Total T: 426573 Episode Num: 427 Episode T: 999 Reward: -22.800
Total T: 427572 Episode Num: 428 Episode T: 999 Reward: -22.976
Total T: 428571 Episode Num: 429 Episode T: 999 Reward: -22.602
Total T: 429570 Episode Num: 430 Episode T: 999 Reward: -23.324
---------------------------------------
Evaluation over 10 episodes: -0.033
---------------------------------------
Total T: 430569 Episode Num: 431 Episode T: 999 Reward: -22.242
Total T: 431568 Episode Num: 432 Episode T: 999 Reward: -20.974
Total T: 432567 Episode Num: 433 Episode T: 999 Reward: -24.291
Total T: 433566 Episode Num: 434 Episode T: 999 Reward: -21.760
Total T: 434565 Episode Num: 435 Episode T: 999 Reward: -23.090
---------------------------------------
Evaluation over 10 episodes: -0.025
---------------------------------------
Total T: 435564 Episode Num: 436 Episode T: 999 Reward: -23.382
Total T: 436563 Episode Num: 437 Episode T: 999 Reward: -23.502
Total T: 437562 Episode Num: 438 Episode T: 999 Reward: -22.097
Total T: 438561 Episode Num: 439 Episode T: 999 Reward: -22.533
Total T: 439560 Episode Num: 440 Episode T: 999 Reward: -23.286
---------------------------------------
Evaluation over 10 episodes: -0.039
---------------------------------------
Total T: 440559 Episode Num: 441 Episode T: 999 Reward: -22.595
Total T: 441558 Episode Num: 442 Episode T: 999 Reward: -23.538
Total T: 442557 Episode Num: 443 Episode T: 999 Reward: -24.488
Total T: 443556 Episode Num: 444 Episode T: 999 Reward: -22.390
Total T: 444555 Episode Num: 445 Episode T: 999 Reward: -21.600
---------------------------------------
Evaluation over 10 episodes: -0.013
---------------------------------------
Total T: 445554 Episode Num: 446 Episode T: 999 Reward: -22.666
Total T: 446553 Episode Num: 447 Episode T: 999 Reward: -23.748
Total T: 447552 Episode Num: 448 Episode T: 999 Reward: -21.014
Total T: 448551 Episode Num: 449 Episode T: 999 Reward: -24.282
Total T: 449550 Episode Num: 450 Episode T: 999 Reward: -22.621
---------------------------------------
Evaluation over 10 episodes: -0.015
---------------------------------------
Total T: 450549 Episode Num: 451 Episode T: 999 Reward: -21.401
Total T: 451548 Episode Num: 452 Episode T: 999 Reward: -21.547
Total T: 452547 Episode Num: 453 Episode T: 999 Reward: -22.023
Total T: 453546 Episode Num: 454 Episode T: 999 Reward: -22.865
Total T: 454545 Episode Num: 455 Episode T: 999 Reward: -24.463
---------------------------------------
Evaluation over 10 episodes: -0.016
---------------------------------------
Total T: 455544 Episode Num: 456 Episode T: 999 Reward: -23.127
Total T: 456543 Episode Num: 457 Episode T: 999 Reward: -22.641
Total T: 457542 Episode Num: 458 Episode T: 999 Reward: -23.925
Total T: 458541 Episode Num: 459 Episode T: 999 Reward: -22.358
Total T: 459540 Episode Num: 460 Episode T: 999 Reward: -22.818
---------------------------------------
Evaluation over 10 episodes: -0.039
---------------------------------------
Total T: 460539 Episode Num: 461 Episode T: 999 Reward: -24.192
Total T: 461538 Episode Num: 462 Episode T: 999 Reward: -24.429
Total T: 462537 Episode Num: 463 Episode T: 999 Reward: -24.316
Total T: 463536 Episode Num: 464 Episode T: 999 Reward: -23.292
Total T: 464535 Episode Num: 465 Episode T: 999 Reward: -21.834
---------------------------------------
Evaluation over 10 episodes: -0.030
---------------------------------------
Total T: 465534 Episode Num: 466 Episode T: 999 Reward: -24.150
Total T: 466533 Episode Num: 467 Episode T: 999 Reward: -23.803
Total T: 467532 Episode Num: 468 Episode T: 999 Reward: -21.757
Total T: 468531 Episode Num: 469 Episode T: 999 Reward: -23.112
Total T: 469530 Episode Num: 470 Episode T: 999 Reward: -22.817
---------------------------------------
Evaluation over 10 episodes: -0.026
---------------------------------------
Total T: 470529 Episode Num: 471 Episode T: 999 Reward: -23.382
Total T: 471528 Episode Num: 472 Episode T: 999 Reward: -24.204
Total T: 472527 Episode Num: 473 Episode T: 999 Reward: -22.130
Total T: 473526 Episode Num: 474 Episode T: 999 Reward: -22.840
Total T: 474525 Episode Num: 475 Episode T: 999 Reward: -23.425
---------------------------------------
Evaluation over 10 episodes: -0.020
---------------------------------------
Total T: 475524 Episode Num: 476 Episode T: 999 Reward: -22.595
Total T: 476523 Episode Num: 477 Episode T: 999 Reward: -22.454
Total T: 477522 Episode Num: 478 Episode T: 999 Reward: -23.435
Total T: 478521 Episode Num: 479 Episode T: 999 Reward: -22.024
Total T: 479520 Episode Num: 480 Episode T: 999 Reward: -23.566
---------------------------------------
Evaluation over 10 episodes: -0.022
---------------------------------------
Total T: 480519 Episode Num: 481 Episode T: 999 Reward: -23.331
Total T: 481518 Episode Num: 482 Episode T: 999 Reward: -24.016
Total T: 482517 Episode Num: 483 Episode T: 999 Reward: -23.456
Total T: 483516 Episode Num: 484 Episode T: 999 Reward: -22.031
Total T: 484515 Episode Num: 485 Episode T: 999 Reward: -22.804
---------------------------------------
Evaluation over 10 episodes: -0.012
---------------------------------------
Total T: 485514 Episode Num: 486 Episode T: 999 Reward: -22.268
Total T: 486513 Episode Num: 487 Episode T: 999 Reward: -23.641
Total T: 487512 Episode Num: 488 Episode T: 999 Reward: -22.148
Total T: 488511 Episode Num: 489 Episode T: 999 Reward: -24.213
Total T: 489510 Episode Num: 490 Episode T: 999 Reward: -23.519
---------------------------------------
Evaluation over 10 episodes: -0.001
---------------------------------------
Total T: 490509 Episode Num: 491 Episode T: 999 Reward: -22.260
Total T: 491508 Episode Num: 492 Episode T: 999 Reward: -23.821
Total T: 492507 Episode Num: 493 Episode T: 999 Reward: -24.083
Total T: 493506 Episode Num: 494 Episode T: 999 Reward: -21.849
Total T: 494505 Episode Num: 495 Episode T: 999 Reward: -23.587
---------------------------------------
Evaluation over 10 episodes: -0.011
---------------------------------------
Total T: 495504 Episode Num: 496 Episode T: 999 Reward: -23.643
Total T: 496503 Episode Num: 497 Episode T: 999 Reward: -23.665
Total T: 497502 Episode Num: 498 Episode T: 999 Reward: -22.812
Total T: 498501 Episode Num: 499 Episode T: 999 Reward: -22.541
Total T: 499500 Episode Num: 500 Episode T: 999 Reward: -24.185
---------------------------------------
Evaluation over 10 episodes: -0.012
---------------------------------------
